Jul 23 20:25:47 lx1 sshd[10791]: Disconnected from 121.18.238.125 port 40242 [preauth]
Jul 23 20:25:47 lx1 sshd[10791]: PAM 2 more authentication failures; logname= uid=0 euid=0 tty=ssh ruser= rhost=121.18.238.125  user=root
Jul 23 20:25:49 lx1 sshd[10793]: pam_unix(sshd:auth): authentication failure; logname= uid=0 euid=0 tty=ssh ruser= rhost=201.178.205.232  user=root
Jul 23 20:25:49 lx1 sshd[10794]: Invalid user admin from 201.178.205.232
Jul 23 20:25:49 lx1 sshd[10794]: input_userauth_request: invalid user admin [preauth]
Jul 23 20:25:49 lx1 sshd[10794]: pam_unix(sshd:auth): check pass; user unknown
Jul 23 20:25:49 lx1 sshd[10794]: pam_unix(sshd:auth): authentication failure; logname= uid=0 euid=0 tty=ssh ruser= rhost=201.178.205.232
Jul 23 20:25:50 lx1 sshd[10797]: pam_unix(sshd:auth): authentication failure; logname= uid=0 euid=0 tty=ssh ruser= rhost=121.18.238.125  user=root
Jul 23 20:25:51 lx1 sshd[10793]: Failed password for root from 201.178.205.232 port 52620 ssh2
Jul 23 20:25:52 lx1 sshd[10794]: Failed password for invalid user admin from 201.178.205.232 port 52623 ssh2
Jul 23 20:25:52 lx1 sshd[10794]: pam_unix(sshd:auth): check pass; user unknown
Jul 23 20:25:52 lx1 sshd[10799]: pam_unix(sshd:auth): authentication failure; logname= uid=0 euid=0 tty=ssh ruser= rhost=201.178.205.232  user=root
Jul 23 20:25:52 lx1 sshd[10797]: Failed password for root from 121.18.238.125 port 52324 ssh2
Jul 23 20:25:53 lx1 sshd[10793]: Failed password for root from 201.178.205.232 port 52620 ssh2
Jul 23 20:25:54 lx1 sshd[10794]: Failed password for invalid user admin from 201.178.205.232 port 52623 ssh2
Jul 23 20:25:54 lx1 sshd[10799]: Failed password for root from 201.178.205.232 port 52626 ssh2
Jul 23 20:25:55 lx1 sshd[10793]: Failed password for root from 201.178.205.232 port 52620 ssh2
Jul 23 20:25:55 lx1 sshd[10794]: pam_unix(sshd:auth): check pass; user unknown
Jul 23 20:25:55 lx1 sshd[10797]: Failed password for root from 121.18.238.125 port 52324 ssh2
Jul 23 20:25:56 lx1 sshd[10801]: Invalid user admin from 201.178.205.232
Jul 23 20:25:56 lx1 sshd[10801]: input_userauth_request: invalid user admin [preauth]
Jul 23 20:25:56 lx1 sshd[10801]: pam_unix(sshd:auth): check pass; user unknown
Jul 23 20:25:56 lx1 sshd[10801]: pam_unix(sshd:auth): authentication failure; logname= uid=0 euid=0 tty=ssh ruser= rhost=201.178.205.232
Jul 23 20:25:56 lx1 sshd[10794]: Failed password for invalid user admin from 201.178.205.232 port 52623 ssh2
Jul 23 20:25:56 lx1 sshd[10799]: Failed password for root from 201.178.205.232 port 52626 ssh2
Jul 23 20:25:57 lx1 sshd[10794]: pam_unix(sshd:auth): check pass; user unknown
Jul 23 20:25:57 lx1 sshd[10793]: Failed password for root from 201.178.205.232 port 52620 ssh2
Jul 23 20:25:57 lx1 sshd[10797]: Failed password for root from 121.18.238.125 port 52324 ssh2
Jul 23 20:25:58 lx1 sshd[10797]: Received disconnect from 121.18.238.125 port 52324:11:  [preauth]
Jul 23 20:25:58 lx1 sshd[10797]: Disconnected from 121.18.238.125 port 52324 [preauth]
Jul 23 20:25:58 lx1 sshd[10797]: PAM 2 more authentication failures; logname= uid=0 euid=0 tty=ssh ruser= rhost=121.18.238.125  user=root
Jul 23 20:25:58 lx1 sshd[10801]: Failed password for invalid user admin from 201.178.205.232 port 52638 ssh2
Jul 23 20:25:59 lx1 sshd[10801]: pam_unix(sshd:auth): check pass; user unknown
Jul 23 20:25:59 lx1 sshd[10794]: Failed password for invalid user admin from 201.178.205.232 port 52623 ssh2
Jul 23 20:25:59 lx1 sshd[10799]: Failed password for root from 201.178.205.232 port 52626 ssh2
Jul 23 20:26:00 lx1 sshd[10794]: pam_unix(sshd:auth): check pass; user unknown
Jul 23 20:26:00 lx1 sshd[10806]: pam_unix(sshd:auth): authentication failure; logname= uid=0 euid=0 tty=ssh ruser= rhost=121.18.238.125  user=root
Jul 23 20:26:00 lx1 sshd[10793]: Failed password for root from 201.178.205.232 port 52620 ssh2
Jul 23 20:26:01 lx1 sshd[10801]: Failed password for invalid user admin from 201.178.205.232 port 52638 ssh2
Jul 23 20:26:02 lx1 sshd[10794]: Failed password for invalid user admin from 201.178.205.232 port 52623 ssh2
Jul 23 20:26:02 lx1 sshd[10799]: Failed password for root from 201.178.205.232 port 52626 ssh2
Jul 23 20:26:02 lx1 sshd[10806]: Failed password for root from 121.18.238.125 port 43259 ssh2
Jul 23 20:26:02 lx1 sshd[10801]: pam_unix(sshd:auth): check pass; user unknown
Jul 23 20:26:03 lx1 sshd[10793]: Failed password for root from 201.178.205.232 port 52620 ssh2
Jul 23 20:26:03 lx1 sshd[10793]: error: maximum authentication attempts exceeded for root from 201.178.205.232 port 52620 ssh2 [preauth]
Jul 23 20:26:03 lx1 sshd[10793]: Disconnecting: Too many authentication failures [preauth]
Jul 23 20:26:03 lx1 sshd[10793]: PAM 5 more authentication failures; logname= uid=0 euid=0 tty=ssh ruser= rhost=201.178.205.232  user=root
Jul 23 20:26:03 lx1 sshd[10793]: PAM service(sshd) ignoring max retries; 6 > 3
Jul 23 20:26:04 lx1 sshd[10801]: Failed password for invalid user admin from 201.178.205.232 port 52638 ssh2
Jul 23 20:26:04 lx1 sshd[10794]: pam_unix(sshd:auth): check pass; user unknown
Jul 23 20:26:04 lx1 sshd[10806]: Failed password for root from 121.18.238.125 port 43259 ssh2
Jul 23 20:26:05 lx1 sshd[10801]: pam_unix(sshd:auth): check pass; user unknown
Jul 23 20:26:06 lx1 sshd[10799]: Failed password for root from 201.178.205.232 port 52626 ssh2
Jul 23 20:26:06 lx1 sshd[10806]: Failed password for root from 121.18.238.125 port 43259 ssh2
Jul 23 20:26:06 lx1 sshd[10801]: Failed password for invalid user admin from 201.178.205.232 port 52638 ssh2
Jul 23 20:26:07 lx1 sshd[10794]: Failed password for invalid user admin from 201.178.205.232 port 52623 ssh2
Jul 23 20:26:07 lx1 sshd[10794]: error: maximum authentication attempts exceeded for invalid user admin from 201.178.205.232 port 52623 ssh2 [preauth]
Jul 23 20:26:07 lx1 sshd[10794]: Disconnecting: Too many authentication failures [preauth]
Jul 23 20:26:07 lx1 sshd[10794]: PAM 5 more authentication failures; logname= uid=0 euid=0 tty=ssh ruser= rhost=201.178.205.232
Jul 23 20:26:07 lx1 sshd[10794]: PAM service(sshd) ignoring max retries; 6 > 3
Jul 23 20:26:07 lx1 sshd[10801]: pam_unix(sshd:auth): check pass; user unknown
Jul 23 20:26:08 lx1 sshd[10799]: Failed password for root from 201.178.205.232 port 52626 ssh2
Jul 23 20:26:08 lx1 sshd[10799]: error: maximum authentication attempts exceeded for root from 201.178.205.232 port 52626 ssh2 [preauth]
Jul 23 20:26:08 lx1 sshd[10799]: Disconnecting: Too many authentication failures [preauth]
Jul 23 20:26:08 lx1 sshd[10799]: PAM 5 more authentication failures; logname= uid=0 euid=0 tty=ssh ruser= rhost=201.178.205.232  user=root
Jul 23 20:26:08 lx1 sshd[10799]: PAM service(sshd) ignoring max retries; 6 > 3
Jul 23 20:26:08 lx1 sshd[10808]: pam_unix(sshd:auth): authentication failure; logname= uid=0 euid=0 tty=ssh ruser= rhost=201.178.205.232  user=root
Jul 23 20:26:08 lx1 sshd[10806]: Received disconnect from 121.18.238.125 port 43259:11:  [preauth]
Jul 23 20:26:08 lx1 sshd[10806]: Disconnected from 121.18.238.125 port 43259 [preauth]
Jul 23 20:26:08 lx1 sshd[10806]: PAM 2 more authentication failures; logname= uid=0 euid=0 tty=ssh ruser= rhost=121.18.238.125  user=root
Jul 23 20:26:08 lx1 sshd[10801]: Failed password for invalid user admin from 201.178.205.232 port 52638 ssh2
Jul 23 20:26:09 lx1 sshd[10801]: pam_unix(sshd:auth): check pass; user unknown
Jul 23 20:26:10 lx1 sshd[10808]: Failed password for root from 201.178.205.232 port 52651 ssh2
Jul 23 20:26:11 lx1 sshd[10811]: pam_unix(sshd:auth): authentication failure; logname= uid=0 euid=0 tty=ssh ruser= rhost=121.18.238.125  user=root
Jul 23 20:26:12 lx1 sshd[10801]: Failed password for invalid user admin from 201.178.205.232 port 52638 ssh2
Jul 23 20:26:12 lx1 sshd[10801]: error: maximum authentication attempts exceeded for invalid user admin from 201.178.205.232 port 52638 ssh2 [preauth]
Jul 23 20:26:12 lx1 sshd[10801]: Disconnecting: Too many authentication failures [preauth]
Jul 23 20:26:12 lx1 sshd[10801]: PAM 5 more authentication failures; logname= uid=0 euid=0 tty=ssh ruser= rhost=201.178.205.232
Jul 23 20:26:12 lx1 sshd[10801]: PAM service(sshd) ignoring max retries; 6 > 3
Jul 23 20:26:13 lx1 sshd[10811]: Failed password for root from 121.18.238.125 port 59887 ssh2
Jul 23 20:26:13 lx1 sshd[10808]: Failed password for root from 201.178.205.232 port 52651 ssh2
Jul 23 20:26:15 lx1 sshd[10811]: Failed password for root from 121.18.238.125 port 59887 ssh2
Jul 23 20:26:15 lx1 sshd[10808]: Failed password for root from 201.178.205.232 port 52651 ssh2
Jul 23 20:26:17 lx1 sshd[10811]: Failed password for root from 121.18.238.125 port 59887 ssh2
Jul 23 20:26:18 lx1 sshd[10811]: Received disconnect from 121.18.238.125 port 59887:11:  [preauth]
Jul 23 20:26:18 lx1 sshd[10811]: Disconnected from 121.18.238.125 port 59887 [preauth]
Jul 23 20:26:18 lx1 sshd[10811]: PAM 2 more authentication failures; logname= uid=0 euid=0 tty=ssh ruser= rhost=121.18.238.125  user=root
Jul 23 20:26:18 lx1 sshd[10808]: Failed password for root from 201.178.205.232 port 52651 ssh2
Jul 23 20:26:20 lx1 sshd[10808]: Failed password for root from 201.178.205.232 port 52651 ssh2
Jul 23 20:26:21 lx1 sshd[10813]: pam_unix(sshd:auth): authentication failure; logname= uid=0 euid=0 tty=ssh ruser= rhost=201.178.205.232  user=root
Jul 23 20:26:22 lx1 sshd[10819]: pam_unix(sshd:auth): authentication failure; logname= uid=0 euid=0 tty=ssh ruser= rhost=121.18.238.125  user=root
Jul 23 20:26:23 lx1 sshd[10808]: Failed password for root from 201.178.205.232 port 52651 ssh2
Jul 23 20:26:23 lx1 sshd[10808]: error: maximum authentication attempts exceeded for root from 201.178.205.232 port 52651 ssh2 [preauth]
Jul 23 20:26:23 lx1 sshd[10808]: Disconnecting: Too many authentication failures [preauth]
Jul 23 20:26:23 lx1 sshd[10808]: PAM 5 more authentication failures; logname= uid=0 euid=0 tty=ssh ruser= rhost=201.178.205.232  user=root
Jul 23 20:26:23 lx1 sshd[10808]: PAM service(sshd) ignoring max retries; 6 > 3
Jul 23 20:26:24 lx1 sshd[10813]: Failed password for root from 201.178.205.232 port 57144 ssh2
Jul 23 20:26:24 lx1 sshd[10819]: Failed password for root from 121.18.238.125 port 40081 ssh2
Jul 23 20:26:27 lx1 sshd[10819]: Failed password for root from 121.18.238.125 port 40081 ssh2
Jul 23 20:26:27 lx1 sshd[10813]: Failed password for root from 201.178.205.232 port 57144 ssh2
Jul 23 20:26:29 lx1 sshd[10819]: Failed password for root from 121.18.238.125 port 40081 ssh2
Jul 23 20:26:29 lx1 sshd[10819]: Received disconnect from 121.18.238.125 port 40081:11:  [preauth]
Jul 23 20:26:29 lx1 sshd[10819]: Disconnected from 121.18.238.125 port 40081 [preauth]
Jul 23 20:26:29 lx1 sshd[10819]: PAM 2 more authentication failures; logname= uid=0 euid=0 tty=ssh ruser= rhost=121.18.238.125  user=root
Jul 23 20:26:30 lx1 sshd[10813]: Failed password for root from 201.178.205.232 port 57144 ssh2
Jul 23 20:26:32 lx1 sshd[10813]: Failed password for root from 201.178.205.232 port 57144 ssh2
Jul 23 20:26:34 lx1 sshd[10824]: pam_unix(sshd:auth): authentication failure; logname= uid=0 euid=0 tty=ssh ruser= rhost=121.18.238.125  user=root
Jul 23 20:26:35 lx1 sshd[10813]: Failed password for root from 201.178.205.232 port 57144 ssh2
Jul 23 20:26:36 lx1 sshd[10824]: Failed password for root from 121.18.238.125 port 32929 ssh2
Jul 23 20:26:37 lx1 sshd[10813]: Failed password for root from 201.178.205.232 port 57144 ssh2
Jul 23 20:26:37 lx1 sshd[10813]: error: maximum authentication attempts exceeded for root from 201.178.205.232 port 57144 ssh2 [preauth]
Jul 23 20:26:37 lx1 sshd[10813]: Disconnecting: Too many authentication failures [preauth]
Jul 23 20:26:37 lx1 sshd[10813]: PAM 5 more authentication failures; logname= uid=0 euid=0 tty=ssh ruser= rhost=201.178.205.232  user=root
Jul 23 20:26:37 lx1 sshd[10813]: PAM service(sshd) ignoring max retries; 6 > 3
Jul 23 20:26:39 lx1 sshd[10824]: Failed password for root from 121.18.238.125 port 32929 ssh2
Jul 23 20:26:41 lx1 sshd[10824]: Failed password for root from 121.18.238.125 port 32929 ssh2
Jul 23 20:26:41 lx1 sshd[10824]: Received disconnect from 121.18.238.125 port 32929:11:  [preauth]
Jul 23 20:26:41 lx1 sshd[10824]: Disconnected from 121.18.238.125 port 32929 [preauth]
Jul 23 20:26:41 lx1 sshd[10824]: PAM 2 more authentication failures; logname= uid=0 euid=0 tty=ssh ruser= rhost=121.18.238.125  user=root
Jul 23 20:26:44 lx1 sshd[10833]: pam_unix(sshd:auth): authentication failure; logname= uid=0 euid=0 tty=ssh ruser= rhost=121.18.238.123  user=root
Jul 23 20:26:46 lx1 sshd[10834]: pam_unix(sshd:auth): authentication failure; logname= uid=0 euid=0 tty=ssh ruser= rhost=121.18.238.125  user=root
Jul 23 20:26:46 lx1 sshd[10833]: Failed password for root from 121.18.238.123 port 44158 ssh2
Jul 23 20:26:48 lx1 sshd[10834]: Failed password for root from 121.18.238.125 port 51281 ssh2
Jul 23 20:26:48 lx1 sshd[10833]: Failed password for root from 121.18.238.123 port 44158 ssh2
Jul 23 20:26:50 lx1 sshd[10834]: Failed password for root from 121.18.238.125 port 51281 ssh2
Jul 23 20:26:50 lx1 sshd[10833]: Failed password for root from 121.18.238.123 port 44158 ssh2
Jul 23 20:26:50 lx1 sshd[10833]: Received disconnect from 121.18.238.123 port 44158:11:  [preauth]
Jul 23 20:26:50 lx1 sshd[10833]: Disconnected from 121.18.238.123 port 44158 [preauth]
Jul 23 20:26:50 lx1 sshd[10833]: PAM 2 more authentication failures; logname= uid=0 euid=0 tty=ssh ruser= rhost=121.18.238.123  user=root
Jul 23 20:26:52 lx1 sshd[10834]: Failed password for root from 121.18.238.125 port 51281 ssh2
Jul 23 20:26:52 lx1 sshd[10834]: Received disconnect from 121.18.238.125 port 51281:11:  [preauth]
Jul 23 20:26:52 lx1 sshd[10834]: Disconnected from 121.18.238.125 port 51281 [preauth]
Jul 23 20:26:52 lx1 sshd[10834]: PAM 2 more authentication failures; logname= uid=0 euid=0 tty=ssh ruser= rhost=121.18.238.125  user=root
Jul 23 20:26:54 lx1 sshd[10837]: pam_unix(sshd:auth): authentication failure; logname= uid=0 euid=0 tty=ssh ruser= rhost=121.18.238.123  user=root
Jul 23 20:26:55 lx1 sshd[10837]: Failed password for root from 121.18.238.123 port 50172 ssh2
Jul 23 20:26:56 lx1 sshd[10839]: pam_unix(sshd:auth): authentication failure; logname= uid=0 euid=0 tty=ssh ruser= rhost=121.18.238.125  user=root
Jul 23 20:26:58 lx1 sshd[10837]: Failed password for root from 121.18.238.123 port 50172 ssh2
Jul 23 20:26:58 lx1 sshd[10839]: Failed password for root from 121.18.238.125 port 38244 ssh2
Jul 23 20:27:00 lx1 sshd[10839]: Failed password for root from 121.18.238.125 port 38244 ssh2
Jul 23 20:27:01 lx1 sshd[10837]: Failed password for root from 121.18.238.123 port 50172 ssh2
Jul 23 20:27:02 lx1 sshd[10837]: Received disconnect from 121.18.238.123 port 50172:11:  [preauth]
Jul 23 20:27:02 lx1 sshd[10837]: Disconnected from 121.18.238.123 port 50172 [preauth]
Jul 23 20:27:02 lx1 sshd[10837]: PAM 2 more authentication failures; logname= uid=0 euid=0 tty=ssh ruser= rhost=121.18.238.123  user=root
Jul 23 20:27:03 lx1 sshd[10839]: Failed password for root from 121.18.238.125 port 38244 ssh2
Jul 23 20:27:03 lx1 sshd[10839]: Received disconnect from 121.18.238.125 port 38244:11:  [preauth]
Jul 23 20:27:03 lx1 sshd[10839]: Disconnected from 121.18.238.125 port 38244 [preauth]
Jul 23 20:27:03 lx1 sshd[10839]: PAM 2 more authentication failures; logname= uid=0 euid=0 tty=ssh ruser= rhost=121.18.238.125  user=root
Jul 23 20:27:05 lx1 sshd[10841]: pam_unix(sshd:auth): authentication failure; logname= uid=0 euid=0 tty=ssh ruser= rhost=121.18.238.123  user=root
Jul 23 20:27:05 lx1 sshd[10843]: pam_unix(sshd:auth): authentication failure; logname= uid=0 euid=0 tty=ssh ruser= rhost=121.18.238.125  user=root
Jul 23 20:27:06 lx1 sshd[10841]: Failed password for root from 121.18.238.123 port 42384 ssh2
Jul 23 20:27:07 lx1 sshd[10843]: Failed password for root from 121.18.238.125 port 51509 ssh2
Jul 23 20:27:09 lx1 sshd[10841]: Failed password for root from 121.18.238.123 port 42384 ssh2
Jul 23 20:27:09 lx1 sshd[10843]: Failed password for root from 121.18.238.125 port 51509 ssh2
Jul 23 20:27:11 lx1 sshd[10841]: Failed password for root from 121.18.238.123 port 42384 ssh2
Jul 23 20:27:12 lx1 sshd[10841]: Received disconnect from 121.18.238.123 port 42384:11:  [preauth]
Jul 23 20:27:12 lx1 sshd[10841]: Disconnected from 121.18.238.123 port 42384 [preauth]
Jul 23 20:27:12 lx1 sshd[10841]: PAM 2 more authentication failures; logname= uid=0 euid=0 tty=ssh ruser= rhost=121.18.238.123  user=root
Jul 23 20:27:12 lx1 sshd[10843]: Failed password for root from 121.18.238.125 port 51509 ssh2
Jul 23 20:27:12 lx1 sshd[10843]: Received disconnect from 121.18.238.125 port 51509:11:  [preauth]
Jul 23 20:27:12 lx1 sshd[10843]: Disconnected from 121.18.238.125 port 51509 [preauth]
Jul 23 20:27:12 lx1 sshd[10843]: PAM 2 more authentication failures; logname= uid=0 euid=0 tty=ssh ruser= rhost=121.18.238.125  user=root
Jul 23 20:27:15 lx1 sshd[10845]: pam_unix(sshd:auth): authentication failure; logname= uid=0 euid=0 tty=ssh ruser= rhost=121.18.238.123  user=root
Jul 23 20:27:16 lx1 sshd[10847]: pam_unix(sshd:auth): authentication failure; logname= uid=0 euid=0 tty=ssh ruser= rhost=121.18.238.125  user=root
Jul 23 20:27:17 lx1 sshd[10845]: Failed password for root from 121.18.238.123 port 55279 ssh2
Jul 23 20:27:19 lx1 sshd[10847]: Failed password for root from 121.18.238.125 port 60079 ssh2
Jul 23 20:27:20 lx1 sshd[10845]: Failed password for root from 121.18.238.123 port 55279 ssh2
Jul 23 20:27:21 lx1 sshd[10847]: Failed password for root from 121.18.238.125 port 60079 ssh2
Jul 23 20:27:22 lx1 sshd[10845]: Failed password for root from 121.18.238.123 port 55279 ssh2
Jul 23 20:27:23 lx1 sshd[10845]: Received disconnect from 121.18.238.123 port 55279:11:  [preauth]
Jul 23 20:27:23 lx1 sshd[10845]: Disconnected from 121.18.238.123 port 55279 [preauth]
Jul 23 20:27:23 lx1 sshd[10845]: PAM 2 more authentication failures; logname= uid=0 euid=0 tty=ssh ruser= rhost=121.18.238.123  user=root
Jul 23 20:27:23 lx1 sshd[10847]: Failed password for root from 121.18.238.125 port 60079 ssh2
Jul 23 20:27:23 lx1 sshd[10847]: Received disconnect from 121.18.238.125 port 60079:11:  [preauth]
Jul 23 20:27:23 lx1 sshd[10847]: Disconnected from 121.18.238.125 port 60079 [preauth]
Jul 23 20:27:23 lx1 sshd[10847]: PAM 2 more authentication failures; logname= uid=0 euid=0 tty=ssh ruser= rhost=121.18.238.125  user=root
Jul 23 20:27:26 lx1 sshd[10851]: pam_unix(sshd:auth): authentication failure; logname= uid=0 euid=0 tty=ssh ruser= rhost=121.18.238.123  user=root
Jul 23 20:27:27 lx1 sshd[10853]: pam_unix(sshd:auth): authentication failure; logname= uid=0 euid=0 tty=ssh ruser= rhost=121.18.238.125  user=root
Jul 23 20:27:27 lx1 sshd[10851]: Failed password for root from 121.18.238.123 port 41309 ssh2
Jul 23 20:27:29 lx1 sshd[10853]: Failed password for root from 121.18.238.125 port 48409 ssh2
Jul 23 20:27:30 lx1 sshd[10851]: Failed password for root from 121.18.238.123 port 41309 ssh2
Jul 23 20:27:31 lx1 sshd[10853]: Failed password for root from 121.18.238.125 port 48409 ssh2
Jul 23 20:27:32 lx1 sshd[10851]: Failed password for root from 121.18.238.123 port 41309 ssh2
Jul 23 20:27:33 lx1 sshd[10851]: Received disconnect from 121.18.238.123 port 41309:11:  [preauth]
Jul 23 20:27:33 lx1 sshd[10851]: Disconnected from 121.18.238.123 port 41309 [preauth]
Jul 23 20:27:33 lx1 sshd[10851]: PAM 2 more authentication failures; logname= uid=0 euid=0 tty=ssh ruser= rhost=121.18.238.123  user=root
Jul 23 20:27:33 lx1 sshd[10853]: Failed password for root from 121.18.238.125 port 48409 ssh2
Jul 23 20:27:33 lx1 sshd[10853]: Received disconnect from 121.18.238.125 port 48409:11:  [preauth]
Jul 23 20:27:33 lx1 sshd[10853]: Disconnected from 121.18.238.125 port 48409 [preauth]
Jul 23 20:27:33 lx1 sshd[10853]: PAM 2 more authentication failures; logname= uid=0 euid=0 tty=ssh ruser= rhost=121.18.238.125  user=root
Jul 23 20:27:36 lx1 sshd[10860]: pam_unix(sshd:auth): authentication failure; logname= uid=0 euid=0 tty=ssh ruser= rhost=121.18.238.123  user=root
Jul 23 20:27:37 lx1 sshd[10860]: Failed password for root from 121.18.238.123 port 52558 ssh2
Jul 23 20:27:42 lx1 sshd[10860]: message repeated 2 times: [ Failed password for root from 121.18.238.123 port 52558 ssh2]
Jul 23 20:27:42 lx1 sshd[10860]: Received disconnect from 121.18.238.123 port 52558:11:  [preauth]
Jul 23 20:27:42 lx1 sshd[10860]: Disconnected from 121.18.238.123 port 52558 [preauth]
Jul 23 20:27:42 lx1 sshd[10860]: PAM 2 more authentication failures; logname= uid=0 euid=0 tty=ssh ruser= rhost=121.18.238.123  user=root
Jul 23 20:27:46 lx1 sshd[10862]: pam_unix(sshd:auth): authentication failure; logname= uid=0 euid=0 tty=ssh ruser= rhost=121.18.238.123  user=root
Jul 23 20:27:49 lx1 sshd[10862]: Failed password for root from 121.18.238.123 port 33247 ssh2
Jul 23 20:27:54 lx1 sshd[10862]: message repeated 2 times: [ Failed password for root from 121.18.238.123 port 33247 ssh2]
Jul 23 20:27:55 lx1 sshd[10862]: Received disconnect from 121.18.238.123 port 33247:11:  [preauth]
Jul 23 20:27:55 lx1 sshd[10862]: Disconnected from 121.18.238.123 port 33247 [preauth]
Jul 23 20:27:55 lx1 sshd[10862]: PAM 2 more authentication failures; logname= uid=0 euid=0 tty=ssh ruser= rhost=121.18.238.123  user=root
Jul 23 20:27:57 lx1 sshd[10864]: pam_unix(sshd:auth): authentication failure; logname= uid=0 euid=0 tty=ssh ruser= rhost=121.18.238.123  user=root
Jul 23 20:27:59 lx1 sshd[10864]: Failed password for root from 121.18.238.123 port 52670 ssh2
Jul 23 20:28:04 lx1 sshd[10864]: message repeated 2 times: [ Failed password for root from 121.18.238.123 port 52670 ssh2]
Jul 23 20:28:04 lx1 sshd[10864]: Received disconnect from 121.18.238.123 port 52670:11:  [preauth]
Jul 23 20:28:04 lx1 sshd[10864]: Disconnected from 121.18.238.123 port 52670 [preauth]
Jul 23 20:28:04 lx1 sshd[10864]: PAM 2 more authentication failures; logname= uid=0 euid=0 tty=ssh ruser= rhost=121.18.238.123  user=root
Jul 23 20:28:08 lx1 sshd[10866]: pam_unix(sshd:auth): authentication failure; logname= uid=0 euid=0 tty=ssh ruser= rhost=121.18.238.123  user=root
Jul 23 20:28:10 lx1 sshd[10866]: Failed password for root from 121.18.238.123 port 35648 ssh2
Jul 23 20:28:15 lx1 sshd[10866]: message repeated 2 times: [ Failed password for root from 121.18.238.123 port 35648 ssh2]
Jul 23 20:28:15 lx1 sshd[10866]: Received disconnect from 121.18.238.123 port 35648:11:  [preauth]
Jul 23 20:28:15 lx1 sshd[10866]: Disconnected from 121.18.238.123 port 35648 [preauth]
Jul 23 20:28:15 lx1 sshd[10866]: PAM 2 more authentication failures; logname= uid=0 euid=0 tty=ssh ruser= rhost=121.18.238.123  user=root
Jul 23 20:28:18 lx1 sshd[10868]: pam_unix(sshd:auth): authentication failure; logname= uid=0 euid=0 tty=ssh ruser= rhost=121.18.238.123  user=root
Jul 23 20:28:19 lx1 sshd[10868]: Failed password for root from 121.18.238.123 port 50012 ssh2
Jul 23 20:28:23 lx1 sshd[10868]: message repeated 2 times: [ Failed password for root from 121.18.238.123 port 50012 ssh2]
Jul 23 20:28:24 lx1 sshd[10868]: Received disconnect from 121.18.238.123 port 50012:11:  [preauth]
Jul 23 20:28:24 lx1 sshd[10868]: Disconnected from 121.18.238.123 port 50012 [preauth]
Jul 23 20:28:24 lx1 sshd[10868]: PAM 2 more authentication failures; logname= uid=0 euid=0 tty=ssh ruser= rhost=121.18.238.123  user=root
Jul 23 20:28:30 lx1 sshd[10872]: pam_unix(sshd:auth): authentication failure; logname= uid=0 euid=0 tty=ssh ruser= rhost=121.18.238.123  user=root
Jul 23 20:28:32 lx1 sshd[10872]: Failed password for root from 121.18.238.123 port 55156 ssh2
Jul 23 20:28:37 lx1 sshd[10872]: message repeated 2 times: [ Failed password for root from 121.18.238.123 port 55156 ssh2]
Jul 23 20:28:37 lx1 sshd[10872]: Received disconnect from 121.18.238.123 port 55156:11:  [preauth]
Jul 23 20:28:37 lx1 sshd[10872]: Disconnected from 121.18.238.123 port 55156 [preauth]
Jul 23 20:28:37 lx1 sshd[10872]: PAM 2 more authentication failures; logname= uid=0 euid=0 tty=ssh ruser= rhost=121.18.238.123  user=root
Jul 23 20:28:40 lx1 sshd[10874]: pam_unix(sshd:auth): authentication failure; logname= uid=0 euid=0 tty=ssh ruser= rhost=121.18.238.123  user=root
Jul 23 20:28:43 lx1 sshd[10874]: Failed password for root from 121.18.238.123 port 51356 ssh2
Jul 23 20:28:47 lx1 sshd[10874]: message repeated 2 times: [ Failed password for root from 121.18.238.123 port 51356 ssh2]
Jul 23 20:28:47 lx1 sshd[10874]: Received disconnect from 121.18.238.123 port 51356:11:  [preauth]
Jul 23 20:28:47 lx1 sshd[10874]: Disconnected from 121.18.238.123 port 51356 [preauth]
Jul 23 20:28:47 lx1 sshd[10874]: PAM 2 more authentication failures; logname= uid=0 euid=0 tty=ssh ruser= rhost=121.18.238.123  user=root
Jul 23 20:28:52 lx1 sshd[10876]: pam_unix(sshd:auth): authentication failure; logname= uid=0 euid=0 tty=ssh ruser= rhost=121.18.238.123  user=root
Jul 23 20:28:54 lx1 sshd[10876]: Failed password for root from 121.18.238.123 port 34248 ssh2
Jul 23 20:28:58 lx1 sshd[10876]: message repeated 2 times: [ Failed password for root from 121.18.238.123 port 34248 ssh2]
Jul 23 20:28:59 lx1 sshd[10876]: Received disconnect from 121.18.238.123 port 34248:11:  [preauth]
Jul 23 20:28:59 lx1 sshd[10876]: Disconnected from 121.18.238.123 port 34248 [preauth]
Jul 23 20:28:59 lx1 sshd[10876]: PAM 2 more authentication failures; logname= uid=0 euid=0 tty=ssh ruser= rhost=121.18.238.123  user=root
Jul 23 20:29:03 lx1 sshd[10879]: pam_unix(sshd:auth): authentication failure; logname= uid=0 euid=0 tty=ssh ruser= rhost=121.18.238.123  user=root
Jul 23 20:29:05 lx1 sshd[10879]: Failed password for root from 121.18.238.123 port 52921 ssh2
Jul 23 20:29:09 lx1 sshd[10879]: message repeated 2 times: [ Failed password for root from 121.18.238.123 port 52921 ssh2]
Jul 23 20:29:09 lx1 sshd[10879]: Received disconnect from 121.18.238.123 port 52921:11:  [preauth]
Jul 23 20:29:09 lx1 sshd[10879]: Disconnected from 121.18.238.123 port 52921 [preauth]
Jul 23 20:29:09 lx1 sshd[10879]: PAM 2 more authentication failures; logname= uid=0 euid=0 tty=ssh ruser= rhost=121.18.238.123  user=root
Jul 23 20:29:11 lx1 sshd[10881]: pam_unix(sshd:auth): authentication failure; logname= uid=0 euid=0 tty=ssh ruser= rhost=121.18.238.123  user=root
Jul 23 20:29:13 lx1 sshd[10881]: Failed password for root from 121.18.238.123 port 33762 ssh2
Jul 23 20:29:18 lx1 sshd[10881]: message repeated 2 times: [ Failed password for root from 121.18.238.123 port 33762 ssh2]
Jul 23 20:29:18 lx1 sshd[10881]: Received disconnect from 121.18.238.123 port 33762:11:  [preauth]
Jul 23 20:29:18 lx1 sshd[10881]: Disconnected from 121.18.238.123 port 33762 [preauth]
Jul 23 20:29:18 lx1 sshd[10881]: PAM 2 more authentication failures; logname= uid=0 euid=0 tty=ssh ruser= rhost=121.18.238.123  user=root
Jul 23 20:29:22 lx1 sshd[10883]: pam_unix(sshd:auth): authentication failure; logname= uid=0 euid=0 tty=ssh ruser= rhost=121.18.238.123  user=root
Jul 23 20:29:24 lx1 sshd[10883]: Failed password for root from 121.18.238.123 port 44282 ssh2
Jul 23 20:29:29 lx1 sshd[10883]: message repeated 2 times: [ Failed password for root from 121.18.238.123 port 44282 ssh2]
Jul 23 20:29:29 lx1 sshd[10883]: Received disconnect from 121.18.238.123 port 44282:11:  [preauth]
Jul 23 20:29:29 lx1 sshd[10883]: Disconnected from 121.18.238.123 port 44282 [preauth]
Jul 23 20:29:29 lx1 sshd[10883]: PAM 2 more authentication failures; logname= uid=0 euid=0 tty=ssh ruser= rhost=121.18.238.123  user=root
Jul 23 20:29:32 lx1 sshd[10892]: pam_unix(sshd:auth): authentication failure; logname= uid=0 euid=0 tty=ssh ruser= rhost=121.18.238.123  user=root
Jul 23 20:29:34 lx1 sshd[10892]: Failed password for root from 121.18.238.123 port 58504 ssh2
Jul 23 20:29:39 lx1 sshd[10892]: message repeated 2 times: [ Failed password for root from 121.18.238.123 port 58504 ssh2]
Jul 23 20:29:40 lx1 sshd[10892]: Received disconnect from 121.18.238.123 port 58504:11:  [preauth]
Jul 23 20:29:40 lx1 sshd[10892]: Disconnected from 121.18.238.123 port 58504 [preauth]
Jul 23 20:29:40 lx1 sshd[10892]: PAM 2 more authentication failures; logname= uid=0 euid=0 tty=ssh ruser= rhost=121.18.238.123  user=root
Jul 23 20:29:45 lx1 sshd[10894]: pam_unix(sshd:auth): authentication failure; logname= uid=0 euid=0 tty=ssh ruser= rhost=121.18.238.123  user=root
Jul 23 20:29:48 lx1 sshd[10894]: Failed password for root from 121.18.238.123 port 42383 ssh2
Jul 23 20:29:53 lx1 sshd[10894]: message repeated 2 times: [ Failed password for root from 121.18.238.123 port 42383 ssh2]
Jul 23 20:29:54 lx1 sshd[10894]: Received disconnect from 121.18.238.123 port 42383:11:  [preauth]
Jul 23 20:29:54 lx1 sshd[10894]: Disconnected from 121.18.238.123 port 42383 [preauth]
Jul 23 20:29:54 lx1 sshd[10894]: PAM 2 more authentication failures; logname= uid=0 euid=0 tty=ssh ruser= rhost=121.18.238.123  user=root
Jul 23 20:29:57 lx1 sshd[10896]: pam_unix(sshd:auth): authentication failure; logname= uid=0 euid=0 tty=ssh ruser= rhost=121.18.238.123  user=root
Jul 23 20:29:59 lx1 sshd[10896]: Failed password for root from 121.18.238.123 port 46506 ssh2
Jul 23 20:30:04 lx1 sshd[10896]: message repeated 2 times: [ Failed password for root from 121.18.238.123 port 46506 ssh2]
Jul 23 20:30:06 lx1 sshd[10896]: Received disconnect from 121.18.238.123 port 46506:11:  [preauth]
Jul 23 20:30:06 lx1 sshd[10896]: Disconnected from 121.18.238.123 port 46506 [preauth]
Jul 23 20:30:06 lx1 sshd[10896]: PAM 2 more authentication failures; logname= uid=0 euid=0 tty=ssh ruser= rhost=121.18.238.123  user=root
Jul 23 20:30:08 lx1 sshd[10898]: pam_unix(sshd:auth): authentication failure; logname= uid=0 euid=0 tty=ssh ruser= rhost=121.18.238.123  user=root
Jul 23 20:30:10 lx1 sshd[10898]: Failed password for root from 121.18.238.123 port 41043 ssh2
Jul 23 20:30:15 lx1 sshd[10898]: message repeated 2 times: [ Failed password for root from 121.18.238.123 port 41043 ssh2]
Jul 23 20:30:16 lx1 sshd[10898]: Received disconnect from 121.18.238.123 port 41043:11:  [preauth]
Jul 23 20:30:16 lx1 sshd[10898]: Disconnected from 121.18.238.123 port 41043 [preauth]
Jul 23 20:30:16 lx1 sshd[10898]: PAM 2 more authentication failures; logname= uid=0 euid=0 tty=ssh ruser= rhost=121.18.238.123  user=root
Jul 23 20:32:21 lx1 sshd[10919]: pam_unix(sshd:auth): authentication failure; logname= uid=0 euid=0 tty=ssh ruser= rhost=59.45.175.67  user=root
Jul 23 20:32:22 lx1 sshd[10919]: Failed password for root from 59.45.175.67 port 44368 ssh2
Jul 23 20:32:27 lx1 sshd[10919]: message repeated 2 times: [ Failed password for root from 59.45.175.67 port 44368 ssh2]
Jul 23 20:32:28 lx1 sshd[10919]: Received disconnect from 59.45.175.67 port 44368:11:  [preauth]
Jul 23 20:32:28 lx1 sshd[10919]: Disconnected from 59.45.175.67 port 44368 [preauth]
Jul 23 20:32:28 lx1 sshd[10919]: PAM 2 more authentication failures; logname= uid=0 euid=0 tty=ssh ruser= rhost=59.45.175.67  user=root
Jul 23 20:32:30 lx1 sshd[10923]: pam_unix(sshd:auth): authentication failure; logname= uid=0 euid=0 tty=ssh ruser= rhost=59.45.175.67  user=root
Jul 23 20:32:32 lx1 sshd[10923]: Failed password for root from 59.45.175.67 port 37267 ssh2
Jul 23 20:32:36 lx1 sshd[10923]: message repeated 2 times: [ Failed password for root from 59.45.175.67 port 37267 ssh2]
Jul 23 20:32:37 lx1 sshd[10923]: Received disconnect from 59.45.175.67 port 37267:11:  [preauth]
Jul 23 20:32:37 lx1 sshd[10923]: Disconnected from 59.45.175.67 port 37267 [preauth]
Jul 23 20:32:37 lx1 sshd[10923]: PAM 2 more authentication failures; logname= uid=0 euid=0 tty=ssh ruser= rhost=59.45.175.67  user=root
Jul 23 20:32:40 lx1 sshd[10925]: pam_unix(sshd:auth): authentication failure; logname= uid=0 euid=0 tty=ssh ruser= rhost=59.45.175.67  user=root
Jul 23 20:32:42 lx1 sshd[10925]: Failed password for root from 59.45.175.67 port 48908 ssh2
Jul 23 20:32:46 lx1 sshd[10925]: message repeated 2 times: [ Failed password for root from 59.45.175.67 port 48908 ssh2]
Jul 23 20:32:47 lx1 sshd[10925]: Received disconnect from 59.45.175.67 port 48908:11:  [preauth]
Jul 23 20:32:47 lx1 sshd[10925]: Disconnected from 59.45.175.67 port 48908 [preauth]
Jul 23 20:32:47 lx1 sshd[10925]: PAM 2 more authentication failures; logname= uid=0 euid=0 tty=ssh ruser= rhost=59.45.175.67  user=root
Jul 23 20:32:51 lx1 sshd[10927]: pam_unix(sshd:auth): authentication failure; logname= uid=0 euid=0 tty=ssh ruser= rhost=59.45.175.67  user=root
Jul 23 20:32:53 lx1 sshd[10927]: Failed password for root from 59.45.175.67 port 36281 ssh2
Jul 23 20:32:53 lx1 sshd[10929]: Invalid user admin from 178.20.55.18
Jul 23 20:32:53 lx1 sshd[10929]: input_userauth_request: invalid user admin [preauth]
Jul 23 20:32:53 lx1 sshd[10929]: pam_unix(sshd:auth): check pass; user unknown
Jul 23 20:32:53 lx1 sshd[10929]: pam_unix(sshd:auth): authentication failure; logname= uid=0 euid=0 tty=ssh ruser= rhost=178.20.55.18
Jul 23 20:32:54 lx1 sshd[10927]: Failed password for root from 59.45.175.67 port 36281 ssh2
Jul 23 20:32:54 lx1 sshd[10929]: Failed password for invalid user admin from 178.20.55.18 port 49134 ssh2
Jul 23 20:32:55 lx1 sshd[10929]: Connection closed by 178.20.55.18 port 49134 [preauth]
Jul 23 20:32:56 lx1 sshd[10927]: Failed password for root from 59.45.175.67 port 36281 ssh2
Jul 23 20:32:57 lx1 sshd[10927]: Received disconnect from 59.45.175.67 port 36281:11:  [preauth]
Jul 23 20:32:57 lx1 sshd[10927]: Disconnected from 59.45.175.67 port 36281 [preauth]
Jul 23 20:32:57 lx1 sshd[10927]: PAM 2 more authentication failures; logname= uid=0 euid=0 tty=ssh ruser= rhost=59.45.175.67  user=root
Jul 23 20:33:04 lx1 sshd[10931]: pam_unix(sshd:auth): authentication failure; logname= uid=0 euid=0 tty=ssh ruser= rhost=59.45.175.67  user=root
Jul 23 20:33:06 lx1 sshd[10931]: Failed password for root from 59.45.175.67 port 52551 ssh2
Jul 23 20:33:10 lx1 sshd[10931]: message repeated 2 times: [ Failed password for root from 59.45.175.67 port 52551 ssh2]
Jul 23 20:33:10 lx1 sshd[10931]: Received disconnect from 59.45.175.67 port 52551:11:  [preauth]
Jul 23 20:33:10 lx1 sshd[10931]: Disconnected from 59.45.175.67 port 52551 [preauth]
Jul 23 20:33:10 lx1 sshd[10931]: PAM 2 more authentication failures; logname= uid=0 euid=0 tty=ssh ruser= rhost=59.45.175.67  user=root
Jul 23 20:33:13 lx1 sshd[10933]: pam_unix(sshd:auth): authentication failure; logname= uid=0 euid=0 tty=ssh ruser= rhost=59.45.175.67  user=root
Jul 23 20:33:15 lx1 sshd[10933]: Failed password for root from 59.45.175.67 port 46008 ssh2
Jul 23 20:33:19 lx1 sshd[10933]: message repeated 2 times: [ Failed password for root from 59.45.175.67 port 46008 ssh2]
Jul 23 20:33:20 lx1 sshd[10933]: Received disconnect from 59.45.175.67 port 46008:11:  [preauth]
Jul 23 20:33:20 lx1 sshd[10933]: Disconnected from 59.45.175.67 port 46008 [preauth]
Jul 23 20:33:20 lx1 sshd[10933]: PAM 2 more authentication failures; logname= uid=0 euid=0 tty=ssh ruser= rhost=59.45.175.67  user=root
Jul 23 20:33:22 lx1 sshd[10935]: pam_unix(sshd:auth): authentication failure; logname= uid=0 euid=0 tty=ssh ruser= rhost=59.45.175.67  user=root
Jul 23 20:33:25 lx1 sshd[10935]: Failed password for root from 59.45.175.67 port 53764 ssh2
Jul 23 20:33:25 lx1 sshd[10935]: Received disconnect from 59.45.175.67 port 53764:11:  [preauth]
Jul 23 20:33:25 lx1 sshd[10935]: Disconnected from 59.45.175.67 port 53764 [preauth]
Jul 23 20:33:37 lx1 sshd[10944]: pam_unix(sshd:auth): authentication failure; logname= uid=0 euid=0 tty=ssh ruser= rhost=59.45.175.67  user=root
Jul 23 20:33:39 lx1 sshd[10944]: Failed password for root from 59.45.175.67 port 60458 ssh2
Jul 23 20:33:43 lx1 sshd[10944]: message repeated 2 times: [ Failed password for root from 59.45.175.67 port 60458 ssh2]
Jul 23 20:33:44 lx1 sshd[10944]: Received disconnect from 59.45.175.67 port 60458:11:  [preauth]
Jul 23 20:33:44 lx1 sshd[10944]: Disconnected from 59.45.175.67 port 60458 [preauth]
Jul 23 20:33:44 lx1 sshd[10944]: PAM 2 more authentication failures; logname= uid=0 euid=0 tty=ssh ruser= rhost=59.45.175.67  user=root
Jul 23 20:33:47 lx1 sshd[10946]: pam_unix(sshd:auth): authentication failure; logname= uid=0 euid=0 tty=ssh ruser= rhost=59.45.175.67  user=root
Jul 23 20:33:48 lx1 sshd[10946]: Failed password for root from 59.45.175.67 port 37229 ssh2
Jul 23 20:33:52 lx1 sshd[10946]: message repeated 2 times: [ Failed password for root from 59.45.175.67 port 37229 ssh2]
Jul 23 20:33:53 lx1 sshd[10946]: Received disconnect from 59.45.175.67 port 37229:11:  [preauth]
Jul 23 20:33:53 lx1 sshd[10946]: Disconnected from 59.45.175.67 port 37229 [preauth]
Jul 23 20:33:53 lx1 sshd[10946]: PAM 2 more authentication failures; logname= uid=0 euid=0 tty=ssh ruser= rhost=59.45.175.67  user=root
Jul 23 20:33:55 lx1 sshd[10948]: pam_unix(sshd:auth): authentication failure; logname= uid=0 euid=0 tty=ssh ruser= rhost=59.45.175.67  user=root
Jul 23 20:33:57 lx1 sshd[10948]: Failed password for root from 59.45.175.67 port 38292 ssh2
Jul 23 20:34:01 lx1 sshd[10948]: message repeated 2 times: [ Failed password for root from 59.45.175.67 port 38292 ssh2]
Jul 23 20:34:02 lx1 sshd[10948]: Received disconnect from 59.45.175.67 port 38292:11:  [preauth]
Jul 23 20:34:02 lx1 sshd[10948]: Disconnected from 59.45.175.67 port 38292 [preauth]
Jul 23 20:34:02 lx1 sshd[10948]: PAM 2 more authentication failures; logname= uid=0 euid=0 tty=ssh ruser= rhost=59.45.175.67  user=root
Jul 23 20:34:04 lx1 sshd[10950]: pam_unix(sshd:auth): authentication failure; logname= uid=0 euid=0 tty=ssh ruser= rhost=59.45.175.67  user=root
Jul 23 20:34:06 lx1 sshd[10950]: Failed password for root from 59.45.175.67 port 49427 ssh2
Jul 23 20:34:11 lx1 sshd[10950]: message repeated 2 times: [ Failed password for root from 59.45.175.67 port 49427 ssh2]
Jul 23 20:34:12 lx1 sshd[10950]: Received disconnect from 59.45.175.67 port 49427:11:  [preauth]
Jul 23 20:34:12 lx1 sshd[10950]: Disconnected from 59.45.175.67 port 49427 [preauth]
Jul 23 20:34:12 lx1 sshd[10950]: PAM 2 more authentication failures; logname= uid=0 euid=0 tty=ssh ruser= rhost=59.45.175.67  user=root
Jul 23 20:34:14 lx1 sshd[10952]: pam_unix(sshd:auth): authentication failure; logname= uid=0 euid=0 tty=ssh ruser= rhost=59.45.175.67  user=root
Jul 23 20:34:16 lx1 sshd[10952]: Failed password for root from 59.45.175.67 port 36434 ssh2
Jul 23 20:34:20 lx1 sshd[10952]: message repeated 2 times: [ Failed password for root from 59.45.175.67 port 36434 ssh2]
Jul 23 20:34:20 lx1 sshd[10952]: Received disconnect from 59.45.175.67 port 36434:11:  [preauth]
Jul 23 20:34:20 lx1 sshd[10952]: Disconnected from 59.45.175.67 port 36434 [preauth]
Jul 23 20:34:20 lx1 sshd[10952]: PAM 2 more authentication failures; logname= uid=0 euid=0 tty=ssh ruser= rhost=59.45.175.67  user=root
Jul 23 20:34:23 lx1 sshd[10956]: pam_unix(sshd:auth): authentication failure; logname= uid=0 euid=0 tty=ssh ruser= rhost=59.45.175.67  user=root
Jul 23 20:34:24 lx1 sshd[10956]: Failed password for root from 59.45.175.67 port 43437 ssh2
Jul 23 20:34:29 lx1 sshd[10956]: message repeated 2 times: [ Failed password for root from 59.45.175.67 port 43437 ssh2]
Jul 23 20:34:29 lx1 sshd[10956]: Received disconnect from 59.45.175.67 port 43437:11:  [preauth]
Jul 23 20:34:29 lx1 sshd[10956]: Disconnected from 59.45.175.67 port 43437 [preauth]
Jul 23 20:34:29 lx1 sshd[10956]: PAM 2 more authentication failures; logname= uid=0 euid=0 tty=ssh ruser= rhost=59.45.175.67  user=root
Jul 23 20:34:32 lx1 sshd[10958]: pam_unix(sshd:auth): authentication failure; logname= uid=0 euid=0 tty=ssh ruser= rhost=59.45.175.67  user=root
Jul 23 20:34:34 lx1 sshd[10958]: Failed password for root from 59.45.175.67 port 52807 ssh2
Jul 23 20:34:39 lx1 sshd[10958]: message repeated 2 times: [ Failed password for root from 59.45.175.67 port 52807 ssh2]
Jul 23 20:34:39 lx1 sshd[10958]: Received disconnect from 59.45.175.67 port 52807:11:  [preauth]
Jul 23 20:34:39 lx1 sshd[10958]: Disconnected from 59.45.175.67 port 52807 [preauth]
Jul 23 20:34:39 lx1 sshd[10958]: PAM 2 more authentication failures; logname= uid=0 euid=0 tty=ssh ruser= rhost=59.45.175.67  user=root
Jul 23 20:34:41 lx1 sshd[10961]: pam_unix(sshd:auth): authentication failure; logname= uid=0 euid=0 tty=ssh ruser= rhost=59.45.175.67  user=root
Jul 23 20:34:43 lx1 sshd[10961]: Failed password for root from 59.45.175.67 port 35605 ssh2
Jul 23 20:34:48 lx1 sshd[10961]: message repeated 2 times: [ Failed password for root from 59.45.175.67 port 35605 ssh2]
Jul 23 20:34:48 lx1 sshd[10961]: Received disconnect from 59.45.175.67 port 35605:11:  [preauth]
Jul 23 20:34:48 lx1 sshd[10961]: Disconnected from 59.45.175.67 port 35605 [preauth]
Jul 23 20:34:48 lx1 sshd[10961]: PAM 2 more authentication failures; logname= uid=0 euid=0 tty=ssh ruser= rhost=59.45.175.67  user=root
Jul 23 20:34:51 lx1 sshd[10963]: pam_unix(sshd:auth): authentication failure; logname= uid=0 euid=0 tty=ssh ruser= rhost=59.45.175.67  user=root
Jul 23 20:34:53 lx1 sshd[10963]: Failed password for root from 59.45.175.67 port 42936 ssh2
Jul 23 20:34:57 lx1 sshd[10963]: message repeated 2 times: [ Failed password for root from 59.45.175.67 port 42936 ssh2]
Jul 23 20:34:57 lx1 sshd[10963]: Received disconnect from 59.45.175.67 port 42936:11:  [preauth]
Jul 23 20:34:57 lx1 sshd[10963]: Disconnected from 59.45.175.67 port 42936 [preauth]
Jul 23 20:34:57 lx1 sshd[10963]: PAM 2 more authentication failures; logname= uid=0 euid=0 tty=ssh ruser= rhost=59.45.175.67  user=root
Jul 23 20:34:59 lx1 sshd[10965]: pam_unix(sshd:auth): authentication failure; logname= uid=0 euid=0 tty=ssh ruser= rhost=59.45.175.67  user=root
Jul 23 20:35:01 lx1 sshd[10965]: Failed password for root from 59.45.175.67 port 50048 ssh2
Jul 23 20:35:05 lx1 sshd[10965]: message repeated 2 times: [ Failed password for root from 59.45.175.67 port 50048 ssh2]
Jul 23 20:35:06 lx1 sshd[10965]: Received disconnect from 59.45.175.67 port 50048:11:  [preauth]
Jul 23 20:35:06 lx1 sshd[10965]: Disconnected from 59.45.175.67 port 50048 [preauth]
Jul 23 20:35:06 lx1 sshd[10965]: PAM 2 more authentication failures; logname= uid=0 euid=0 tty=ssh ruser= rhost=59.45.175.67  user=root
Jul 23 20:35:08 lx1 sshd[10967]: pam_unix(sshd:auth): authentication failure; logname= uid=0 euid=0 tty=ssh ruser= rhost=59.45.175.67  user=root
Jul 23 20:35:10 lx1 sshd[10967]: Failed password for root from 59.45.175.67 port 58649 ssh2
Jul 23 20:35:14 lx1 sshd[10967]: message repeated 2 times: [ Failed password for root from 59.45.175.67 port 58649 ssh2]
Jul 23 20:35:14 lx1 sshd[10967]: Received disconnect from 59.45.175.67 port 58649:11:  [preauth]
Jul 23 20:35:14 lx1 sshd[10967]: Disconnected from 59.45.175.67 port 58649 [preauth]
Jul 23 20:35:14 lx1 sshd[10967]: PAM 2 more authentication failures; logname= uid=0 euid=0 tty=ssh ruser= rhost=59.45.175.67  user=root
Jul 23 20:35:18 lx1 sshd[10969]: pam_unix(sshd:auth): authentication failure; logname= uid=0 euid=0 tty=ssh ruser= rhost=59.45.175.67  user=root
Jul 23 20:35:20 lx1 sshd[10969]: Failed password for root from 59.45.175.67 port 34850 ssh2
Jul 23 20:35:23 lx1 sshd[10969]: Failed password for root from 59.45.175.67 port 34850 ssh2
Jul 23 20:35:25 lx1 sshd[10973]: pam_unix(sshd:auth): authentication failure; logname= uid=0 euid=0 tty=ssh ruser= rhost=59.45.175.67  user=root
Jul 23 20:35:26 lx1 sshd[10969]: Failed password for root from 59.45.175.67 port 34850 ssh2
Jul 23 20:35:26 lx1 sshd[10969]: Received disconnect from 59.45.175.67 port 34850:11:  [preauth]
Jul 23 20:35:26 lx1 sshd[10969]: Disconnected from 59.45.175.67 port 34850 [preauth]
Jul 23 20:35:26 lx1 sshd[10969]: PAM 2 more authentication failures; logname= uid=0 euid=0 tty=ssh ruser= rhost=59.45.175.67  user=root
Jul 23 20:35:27 lx1 sshd[10973]: Failed password for root from 59.45.175.67 port 59471 ssh2
Jul 23 20:35:29 lx1 sshd[10980]: pam_unix(sshd:auth): authentication failure; logname= uid=0 euid=0 tty=ssh ruser= rhost=59.45.175.67  user=root
Jul 23 20:35:30 lx1 sshd[10973]: Failed password for root from 59.45.175.67 port 59471 ssh2
Jul 23 20:35:31 lx1 sshd[10980]: Failed password for root from 59.45.175.67 port 52682 ssh2
Jul 23 20:35:32 lx1 sshd[10973]: Failed password for root from 59.45.175.67 port 59471 ssh2
Jul 23 20:35:33 lx1 sshd[10973]: Received disconnect from 59.45.175.67 port 59471:11:  [preauth]
Jul 23 20:35:33 lx1 sshd[10973]: Disconnected from 59.45.175.67 port 59471 [preauth]
Jul 23 20:35:33 lx1 sshd[10973]: PAM 2 more authentication failures; logname= uid=0 euid=0 tty=ssh ruser= rhost=59.45.175.67  user=root
Jul 23 20:35:33 lx1 sshd[10980]: Failed password for root from 59.45.175.67 port 52682 ssh2
Jul 23 20:35:35 lx1 sshd[10982]: pam_unix(sshd:auth): authentication failure; logname= uid=0 euid=0 tty=ssh ruser= rhost=59.45.175.67  user=root
Jul 23 20:35:35 lx1 sshd[10980]: Failed password for root from 59.45.175.67 port 52682 ssh2
Jul 23 20:35:35 lx1 sshd[10980]: Received disconnect from 59.45.175.67 port 52682:11:  [preauth]
Jul 23 20:35:35 lx1 sshd[10980]: Disconnected from 59.45.175.67 port 52682 [preauth]
Jul 23 20:35:35 lx1 sshd[10980]: PAM 2 more authentication failures; logname= uid=0 euid=0 tty=ssh ruser= rhost=59.45.175.67  user=root
Jul 23 20:35:36 lx1 sshd[10982]: Failed password for root from 59.45.175.67 port 47932 ssh2
Jul 23 20:35:39 lx1 sshd[10982]: Failed password for root from 59.45.175.67 port 47932 ssh2
Jul 23 20:35:40 lx1 sshd[10984]: pam_unix(sshd:auth): authentication failure; logname= uid=0 euid=0 tty=ssh ruser= rhost=59.45.175.67  user=root
Jul 23 20:35:42 lx1 sshd[10982]: Failed password for root from 59.45.175.67 port 47932 ssh2
Jul 23 20:35:42 lx1 sshd[10982]: Received disconnect from 59.45.175.67 port 47932:11:  [preauth]
Jul 23 20:35:42 lx1 sshd[10982]: Disconnected from 59.45.175.67 port 47932 [preauth]
Jul 23 20:35:42 lx1 sshd[10982]: PAM 2 more authentication failures; logname= uid=0 euid=0 tty=ssh ruser= rhost=59.45.175.67  user=root
Jul 23 20:35:42 lx1 sshd[10984]: Failed password for root from 59.45.175.67 port 59776 ssh2
Jul 23 20:35:44 lx1 sshd[10986]: pam_unix(sshd:auth): authentication failure; logname= uid=0 euid=0 tty=ssh ruser= rhost=59.45.175.67  user=root
Jul 23 20:35:45 lx1 sshd[10984]: Failed password for root from 59.45.175.67 port 59776 ssh2
Jul 23 20:35:46 lx1 sshd[10986]: Failed password for root from 59.45.175.67 port 56548 ssh2
Jul 23 20:35:47 lx1 sshd[10984]: Failed password for root from 59.45.175.67 port 59776 ssh2
Jul 23 20:35:47 lx1 sshd[10984]: Received disconnect from 59.45.175.67 port 59776:11:  [preauth]
Jul 23 20:35:47 lx1 sshd[10984]: Disconnected from 59.45.175.67 port 59776 [preauth]
Jul 23 20:35:47 lx1 sshd[10984]: PAM 2 more authentication failures; logname= uid=0 euid=0 tty=ssh ruser= rhost=59.45.175.67  user=root
Jul 23 20:35:49 lx1 sshd[10986]: Failed password for root from 59.45.175.67 port 56548 ssh2
Jul 23 20:35:49 lx1 sshd[10988]: pam_unix(sshd:auth): authentication failure; logname= uid=0 euid=0 tty=ssh ruser= rhost=59.45.175.67  user=root
Jul 23 20:35:51 lx1 sshd[10986]: Failed password for root from 59.45.175.67 port 56548 ssh2
Jul 23 20:35:51 lx1 sshd[10988]: Failed password for root from 59.45.175.67 port 47899 ssh2
Jul 23 20:35:51 lx1 sshd[10986]: Received disconnect from 59.45.175.67 port 56548:11:  [preauth]
Jul 23 20:35:51 lx1 sshd[10986]: Disconnected from 59.45.175.67 port 56548 [preauth]
Jul 23 20:35:51 lx1 sshd[10986]: PAM 2 more authentication failures; logname= uid=0 euid=0 tty=ssh ruser= rhost=59.45.175.67  user=root
Jul 23 20:35:54 lx1 sshd[10988]: Failed password for root from 59.45.175.67 port 47899 ssh2
Jul 23 20:35:54 lx1 sshd[10990]: pam_unix(sshd:auth): authentication failure; logname= uid=0 euid=0 tty=ssh ruser= rhost=59.45.175.67  user=root
Jul 23 20:35:55 lx1 sshd[10988]: Failed password for root from 59.45.175.67 port 47899 ssh2
Jul 23 20:35:56 lx1 sshd[10988]: Received disconnect from 59.45.175.67 port 47899:11:  [preauth]
Jul 23 20:35:56 lx1 sshd[10988]: Disconnected from 59.45.175.67 port 47899 [preauth]
Jul 23 20:35:56 lx1 sshd[10988]: PAM 2 more authentication failures; logname= uid=0 euid=0 tty=ssh ruser= rhost=59.45.175.67  user=root
Jul 23 20:35:56 lx1 sshd[10990]: Failed password for root from 59.45.175.67 port 60987 ssh2
Jul 23 20:35:58 lx1 sshd[10992]: pam_unix(sshd:auth): authentication failure; logname= uid=0 euid=0 tty=ssh ruser= rhost=59.45.175.67  user=root
Jul 23 20:35:58 lx1 sshd[10990]: Failed password for root from 59.45.175.67 port 60987 ssh2
Jul 23 20:36:00 lx1 sshd[10992]: Failed password for root from 59.45.175.67 port 51802 ssh2
Jul 23 20:36:01 lx1 sshd[10990]: Failed password for root from 59.45.175.67 port 60987 ssh2
Jul 23 20:36:01 lx1 sshd[10990]: Received disconnect from 59.45.175.67 port 60987:11:  [preauth]
Jul 23 20:36:01 lx1 sshd[10990]: Disconnected from 59.45.175.67 port 60987 [preauth]
Jul 23 20:36:01 lx1 sshd[10990]: PAM 2 more authentication failures; logname= uid=0 euid=0 tty=ssh ruser= rhost=59.45.175.67  user=root
Jul 23 20:36:02 lx1 sshd[10992]: Failed password for root from 59.45.175.67 port 51802 ssh2
Jul 23 20:36:04 lx1 sshd[10994]: pam_unix(sshd:auth): authentication failure; logname= uid=0 euid=0 tty=ssh ruser= rhost=59.45.175.67  user=root
Jul 23 20:36:05 lx1 sshd[10992]: Failed password for root from 59.45.175.67 port 51802 ssh2
Jul 23 20:36:05 lx1 sshd[10992]: Received disconnect from 59.45.175.67 port 51802:11:  [preauth]
Jul 23 20:36:05 lx1 sshd[10992]: Disconnected from 59.45.175.67 port 51802 [preauth]
Jul 23 20:36:05 lx1 sshd[10992]: PAM 2 more authentication failures; logname= uid=0 euid=0 tty=ssh ruser= rhost=59.45.175.67  user=root
Jul 23 20:36:07 lx1 sshd[10994]: Failed password for root from 59.45.175.67 port 42583 ssh2
Jul 23 20:36:09 lx1 sshd[10994]: Failed password for root from 59.45.175.67 port 42583 ssh2
Jul 23 20:36:09 lx1 sshd[10996]: pam_unix(sshd:auth): authentication failure; logname= uid=0 euid=0 tty=ssh ruser= rhost=59.45.175.67  user=root
Jul 23 20:36:12 lx1 sshd[10996]: Failed password for root from 59.45.175.67 port 57863 ssh2
