Jul 23 20:49:53 lx1 sshd[11246]: Disconnected from 121.18.238.28 port 47883 [preauth]
Jul 23 20:49:53 lx1 sshd[11246]: PAM 2 more authentication failures; logname= uid=0 euid=0 tty=ssh ruser= rhost=121.18.238.28  user=root
Jul 23 20:49:57 lx1 sshd[11248]: pam_unix(sshd:auth): authentication failure; logname= uid=0 euid=0 tty=ssh ruser= rhost=121.18.238.28  user=root
Jul 23 20:50:00 lx1 sshd[11248]: Failed password for root from 121.18.238.28 port 59331 ssh2
Jul 23 20:50:05 lx1 sshd[11248]: message repeated 2 times: [ Failed password for root from 121.18.238.28 port 59331 ssh2]
Jul 23 20:50:05 lx1 sshd[11248]: Received disconnect from 121.18.238.28 port 59331:11:  [preauth]
Jul 23 20:50:05 lx1 sshd[11248]: Disconnected from 121.18.238.28 port 59331 [preauth]
Jul 23 20:50:05 lx1 sshd[11248]: PAM 2 more authentication failures; logname= uid=0 euid=0 tty=ssh ruser= rhost=121.18.238.28  user=root
Jul 23 20:50:09 lx1 sshd[11250]: pam_unix(sshd:auth): authentication failure; logname= uid=0 euid=0 tty=ssh ruser= rhost=121.18.238.28  user=root
Jul 23 20:50:11 lx1 sshd[11250]: Failed password for root from 121.18.238.28 port 46686 ssh2
Jul 23 20:50:14 lx1 sshd[11250]: Failed password for root from 121.18.238.28 port 46686 ssh2
Jul 23 20:50:15 lx1 sshd[11252]: pam_unix(sshd:auth): authentication failure; logname= uid=0 euid=0 tty=ssh ruser= rhost=59.45.175.86  user=root
Jul 23 20:50:16 lx1 sshd[11250]: Failed password for root from 121.18.238.28 port 46686 ssh2
Jul 23 20:50:17 lx1 sshd[11250]: Received disconnect from 121.18.238.28 port 46686:11:  [preauth]
Jul 23 20:50:17 lx1 sshd[11250]: Disconnected from 121.18.238.28 port 46686 [preauth]
Jul 23 20:50:17 lx1 sshd[11250]: PAM 2 more authentication failures; logname= uid=0 euid=0 tty=ssh ruser= rhost=121.18.238.28  user=root
Jul 23 20:50:18 lx1 sshd[11252]: Failed password for root from 59.45.175.86 port 60400 ssh2
Jul 23 20:50:20 lx1 sshd[11252]: Failed password for root from 59.45.175.86 port 60400 ssh2
Jul 23 20:50:20 lx1 sshd[11254]: pam_unix(sshd:auth): authentication failure; logname= uid=0 euid=0 tty=ssh ruser= rhost=121.18.238.28  user=root
Jul 23 20:50:23 lx1 sshd[11252]: Failed password for root from 59.45.175.86 port 60400 ssh2
Jul 23 20:50:23 lx1 sshd[11254]: Failed password for root from 121.18.238.28 port 34260 ssh2
Jul 23 20:50:23 lx1 sshd[11252]: Received disconnect from 59.45.175.86 port 60400:11:  [preauth]
Jul 23 20:50:23 lx1 sshd[11252]: Disconnected from 59.45.175.86 port 60400 [preauth]
Jul 23 20:50:23 lx1 sshd[11252]: PAM 2 more authentication failures; logname= uid=0 euid=0 tty=ssh ruser= rhost=59.45.175.86  user=root
Jul 23 20:50:25 lx1 sshd[11254]: Failed password for root from 121.18.238.28 port 34260 ssh2
Jul 23 20:50:25 lx1 sshd[11258]: pam_unix(sshd:auth): authentication failure; logname= uid=0 euid=0 tty=ssh ruser= rhost=59.45.175.86  user=root
Jul 23 20:50:27 lx1 sshd[11254]: Failed password for root from 121.18.238.28 port 34260 ssh2
Jul 23 20:50:27 lx1 sshd[11258]: Failed password for root from 59.45.175.86 port 50205 ssh2
Jul 23 20:50:28 lx1 sshd[11254]: Received disconnect from 121.18.238.28 port 34260:11:  [preauth]
Jul 23 20:50:28 lx1 sshd[11254]: Disconnected from 121.18.238.28 port 34260 [preauth]
Jul 23 20:50:28 lx1 sshd[11254]: PAM 2 more authentication failures; logname= uid=0 euid=0 tty=ssh ruser= rhost=121.18.238.28  user=root
Jul 23 20:50:29 lx1 sshd[11258]: Failed password for root from 59.45.175.86 port 50205 ssh2
Jul 23 20:50:31 lx1 sshd[11258]: Failed password for root from 59.45.175.86 port 50205 ssh2
Jul 23 20:50:31 lx1 sshd[11258]: Received disconnect from 59.45.175.86 port 50205:11:  [preauth]
Jul 23 20:50:31 lx1 sshd[11258]: Disconnected from 59.45.175.86 port 50205 [preauth]
Jul 23 20:50:31 lx1 sshd[11258]: PAM 2 more authentication failures; logname= uid=0 euid=0 tty=ssh ruser= rhost=59.45.175.86  user=root
Jul 23 20:50:34 lx1 sshd[11262]: pam_unix(sshd:auth): authentication failure; logname= uid=0 euid=0 tty=ssh ruser= rhost=59.45.175.86  user=root
Jul 23 20:50:37 lx1 sshd[11262]: Failed password for root from 59.45.175.86 port 58534 ssh2
Jul 23 20:50:38 lx1 sshd[11260]: pam_unix(sshd:auth): authentication failure; logname= uid=0 euid=0 tty=ssh ruser= rhost=121.18.238.28  user=root
Jul 23 20:50:39 lx1 sshd[11262]: Failed password for root from 59.45.175.86 port 58534 ssh2
Jul 23 20:50:40 lx1 sshd[11260]: Failed password for root from 121.18.238.28 port 51960 ssh2
Jul 23 20:50:41 lx1 sshd[11260]: Failed password for root from 121.18.238.28 port 51960 ssh2
Jul 23 20:50:42 lx1 sshd[11262]: Failed password for root from 59.45.175.86 port 58534 ssh2
Jul 23 20:50:42 lx1 sshd[11262]: Received disconnect from 59.45.175.86 port 58534:11:  [preauth]
Jul 23 20:50:42 lx1 sshd[11262]: Disconnected from 59.45.175.86 port 58534 [preauth]
Jul 23 20:50:42 lx1 sshd[11262]: PAM 2 more authentication failures; logname= uid=0 euid=0 tty=ssh ruser= rhost=59.45.175.86  user=root
Jul 23 20:50:44 lx1 sshd[11264]: pam_unix(sshd:auth): authentication failure; logname= uid=0 euid=0 tty=ssh ruser= rhost=59.45.175.86  user=root
Jul 23 20:50:44 lx1 sshd[11260]: Failed password for root from 121.18.238.28 port 51960 ssh2
Jul 23 20:50:45 lx1 sshd[11260]: Received disconnect from 121.18.238.28 port 51960:11:  [preauth]
Jul 23 20:50:45 lx1 sshd[11260]: Disconnected from 121.18.238.28 port 51960 [preauth]
Jul 23 20:50:45 lx1 sshd[11260]: PAM 2 more authentication failures; logname= uid=0 euid=0 tty=ssh ruser= rhost=121.18.238.28  user=root
Jul 23 20:50:47 lx1 sshd[11264]: Failed password for root from 59.45.175.86 port 49831 ssh2
Jul 23 20:50:48 lx1 sshd[11266]: pam_unix(sshd:auth): authentication failure; logname= uid=0 euid=0 tty=ssh ruser= rhost=121.18.238.28  user=root
Jul 23 20:50:49 lx1 sshd[11264]: Failed password for root from 59.45.175.86 port 49831 ssh2
Jul 23 20:50:49 lx1 sshd[11268]: pam_unix(sshd:auth): authentication failure; logname= uid=0 euid=0 tty=ssh ruser= rhost=121.18.238.125  user=root
Jul 23 20:50:50 lx1 sshd[11266]: Failed password for root from 121.18.238.28 port 60726 ssh2
Jul 23 20:50:51 lx1 sshd[11268]: Failed password for root from 121.18.238.125 port 41944 ssh2
Jul 23 20:50:51 lx1 sshd[11264]: Failed password for root from 59.45.175.86 port 49831 ssh2
Jul 23 20:50:52 lx1 sshd[11264]: Received disconnect from 59.45.175.86 port 49831:11:  [preauth]
Jul 23 20:50:52 lx1 sshd[11264]: Disconnected from 59.45.175.86 port 49831 [preauth]
Jul 23 20:50:52 lx1 sshd[11264]: PAM 2 more authentication failures; logname= uid=0 euid=0 tty=ssh ruser= rhost=59.45.175.86  user=root
Jul 23 20:50:53 lx1 sshd[11268]: Failed password for root from 121.18.238.125 port 41944 ssh2
Jul 23 20:50:53 lx1 sshd[11266]: Failed password for root from 121.18.238.28 port 60726 ssh2
Jul 23 20:50:54 lx1 sshd[11270]: pam_unix(sshd:auth): authentication failure; logname= uid=0 euid=0 tty=ssh ruser= rhost=59.45.175.86  user=root
Jul 23 20:50:56 lx1 sshd[11268]: Failed password for root from 121.18.238.125 port 41944 ssh2
Jul 23 20:50:56 lx1 sshd[11266]: Failed password for root from 121.18.238.28 port 60726 ssh2
Jul 23 20:50:56 lx1 sshd[11270]: Failed password for root from 59.45.175.86 port 39533 ssh2
Jul 23 20:50:56 lx1 sshd[11270]: Received disconnect from 59.45.175.86 port 39533:11:  [preauth]
Jul 23 20:50:56 lx1 sshd[11270]: Disconnected from 59.45.175.86 port 39533 [preauth]
Jul 23 20:50:56 lx1 sshd[11268]: Received disconnect from 121.18.238.125 port 41944:11:  [preauth]
Jul 23 20:50:56 lx1 sshd[11268]: Disconnected from 121.18.238.125 port 41944 [preauth]
Jul 23 20:50:56 lx1 sshd[11268]: PAM 2 more authentication failures; logname= uid=0 euid=0 tty=ssh ruser= rhost=121.18.238.125  user=root
Jul 23 20:50:58 lx1 sshd[11266]: Received disconnect from 121.18.238.28 port 60726:11:  [preauth]
Jul 23 20:50:58 lx1 sshd[11266]: Disconnected from 121.18.238.28 port 60726 [preauth]
Jul 23 20:50:58 lx1 sshd[11266]: PAM 2 more authentication failures; logname= uid=0 euid=0 tty=ssh ruser= rhost=121.18.238.28  user=root
Jul 23 20:51:03 lx1 sshd[11272]: pam_unix(sshd:auth): authentication failure; logname= uid=0 euid=0 tty=ssh ruser= rhost=121.18.238.125  user=root
Jul 23 20:51:03 lx1 sshd[11274]: pam_unix(sshd:auth): authentication failure; logname= uid=0 euid=0 tty=ssh ruser= rhost=121.18.238.28  user=root
Jul 23 20:51:05 lx1 sshd[11274]: Failed password for root from 121.18.238.28 port 58730 ssh2
Jul 23 20:51:05 lx1 sshd[11272]: Failed password for root from 121.18.238.125 port 56001 ssh2
Jul 23 20:51:08 lx1 sshd[11276]: pam_unix(sshd:auth): authentication failure; logname= uid=0 euid=0 tty=ssh ruser= rhost=59.45.175.86  user=root
Jul 23 20:51:08 lx1 sshd[11274]: Failed password for root from 121.18.238.28 port 58730 ssh2
Jul 23 20:51:08 lx1 sshd[11272]: Failed password for root from 121.18.238.125 port 56001 ssh2
Jul 23 20:51:10 lx1 sshd[11276]: Failed password for root from 59.45.175.86 port 35302 ssh2
Jul 23 20:51:11 lx1 sshd[11274]: Failed password for root from 121.18.238.28 port 58730 ssh2
Jul 23 20:51:11 lx1 sshd[11272]: Failed password for root from 121.18.238.125 port 56001 ssh2
Jul 23 20:51:11 lx1 sshd[11274]: Received disconnect from 121.18.238.28 port 58730:11:  [preauth]
Jul 23 20:51:11 lx1 sshd[11274]: Disconnected from 121.18.238.28 port 58730 [preauth]
Jul 23 20:51:11 lx1 sshd[11274]: PAM 2 more authentication failures; logname= uid=0 euid=0 tty=ssh ruser= rhost=121.18.238.28  user=root
Jul 23 20:51:11 lx1 sshd[11272]: Received disconnect from 121.18.238.125 port 56001:11:  [preauth]
Jul 23 20:51:11 lx1 sshd[11272]: Disconnected from 121.18.238.125 port 56001 [preauth]
Jul 23 20:51:11 lx1 sshd[11272]: PAM 2 more authentication failures; logname= uid=0 euid=0 tty=ssh ruser= rhost=121.18.238.125  user=root
Jul 23 20:51:12 lx1 sshd[11276]: Failed password for root from 59.45.175.86 port 35302 ssh2
Jul 23 20:51:13 lx1 sshd[11280]: pam_unix(sshd:auth): authentication failure; logname= uid=0 euid=0 tty=ssh ruser= rhost=121.18.238.28  user=root
Jul 23 20:51:13 lx1 sshd[11281]: pam_unix(sshd:auth): authentication failure; logname= uid=0 euid=0 tty=ssh ruser= rhost=121.18.238.125  user=root
Jul 23 20:51:14 lx1 sshd[11276]: Failed password for root from 59.45.175.86 port 35302 ssh2
Jul 23 20:51:15 lx1 sshd[11276]: Received disconnect from 59.45.175.86 port 35302:11:  [preauth]
Jul 23 20:51:15 lx1 sshd[11276]: Disconnected from 59.45.175.86 port 35302 [preauth]
Jul 23 20:51:15 lx1 sshd[11276]: PAM 2 more authentication failures; logname= uid=0 euid=0 tty=ssh ruser= rhost=59.45.175.86  user=root
Jul 23 20:51:15 lx1 sshd[11280]: Failed password for root from 121.18.238.28 port 50440 ssh2
Jul 23 20:51:15 lx1 sshd[11281]: Failed password for root from 121.18.238.125 port 58554 ssh2
Jul 23 20:51:17 lx1 sshd[11284]: pam_unix(sshd:auth): authentication failure; logname= uid=0 euid=0 tty=ssh ruser= rhost=59.45.175.86  user=root
Jul 23 20:51:17 lx1 sshd[11280]: Failed password for root from 121.18.238.28 port 50440 ssh2
Jul 23 20:51:17 lx1 sshd[11281]: Failed password for root from 121.18.238.125 port 58554 ssh2
Jul 23 20:51:19 lx1 sshd[11284]: Failed password for root from 59.45.175.86 port 45851 ssh2
Jul 23 20:51:20 lx1 sshd[11280]: Failed password for root from 121.18.238.28 port 50440 ssh2
Jul 23 20:51:20 lx1 sshd[11281]: Failed password for root from 121.18.238.125 port 58554 ssh2
Jul 23 20:51:20 lx1 sshd[11280]: Received disconnect from 121.18.238.28 port 50440:11:  [preauth]
Jul 23 20:51:20 lx1 sshd[11280]: Disconnected from 121.18.238.28 port 50440 [preauth]
Jul 23 20:51:20 lx1 sshd[11280]: PAM 2 more authentication failures; logname= uid=0 euid=0 tty=ssh ruser= rhost=121.18.238.28  user=root
Jul 23 20:51:20 lx1 sshd[11281]: Received disconnect from 121.18.238.125 port 58554:11:  [preauth]
Jul 23 20:51:20 lx1 sshd[11281]: Disconnected from 121.18.238.125 port 58554 [preauth]
Jul 23 20:51:20 lx1 sshd[11281]: PAM 2 more authentication failures; logname= uid=0 euid=0 tty=ssh ruser= rhost=121.18.238.125  user=root
Jul 23 20:51:22 lx1 sshd[11284]: Failed password for root from 59.45.175.86 port 45851 ssh2
Jul 23 20:51:23 lx1 sshd[11287]: pam_unix(sshd:auth): authentication failure; logname= uid=0 euid=0 tty=ssh ruser= rhost=121.18.238.28  user=root
Jul 23 20:51:24 lx1 sshd[11286]: pam_unix(sshd:auth): authentication failure; logname= uid=0 euid=0 tty=ssh ruser= rhost=121.18.238.125  user=root
Jul 23 20:51:24 lx1 sshd[11284]: Failed password for root from 59.45.175.86 port 45851 ssh2
Jul 23 20:51:24 lx1 sshd[11284]: Received disconnect from 59.45.175.86 port 45851:11:  [preauth]
Jul 23 20:51:24 lx1 sshd[11284]: Disconnected from 59.45.175.86 port 45851 [preauth]
Jul 23 20:51:24 lx1 sshd[11284]: PAM 2 more authentication failures; logname= uid=0 euid=0 tty=ssh ruser= rhost=59.45.175.86  user=root
Jul 23 20:51:25 lx1 sshd[11287]: Failed password for root from 121.18.238.28 port 56312 ssh2
Jul 23 20:51:25 lx1 sshd[11286]: Failed password for root from 121.18.238.125 port 42035 ssh2
Jul 23 20:51:27 lx1 sshd[11292]: pam_unix(sshd:auth): authentication failure; logname= uid=0 euid=0 tty=ssh ruser= rhost=59.45.175.86  user=root
Jul 23 20:51:27 lx1 sshd[11287]: Failed password for root from 121.18.238.28 port 56312 ssh2
Jul 23 20:51:27 lx1 sshd[11286]: Failed password for root from 121.18.238.125 port 42035 ssh2
Jul 23 20:51:28 lx1 sshd[11292]: Failed password for root from 59.45.175.86 port 58047 ssh2
Jul 23 20:51:29 lx1 sshd[11287]: Failed password for root from 121.18.238.28 port 56312 ssh2
Jul 23 20:51:29 lx1 sshd[11287]: Received disconnect from 121.18.238.28 port 56312:11:  [preauth]
Jul 23 20:51:29 lx1 sshd[11287]: Disconnected from 121.18.238.28 port 56312 [preauth]
Jul 23 20:51:29 lx1 sshd[11287]: PAM 2 more authentication failures; logname= uid=0 euid=0 tty=ssh ruser= rhost=121.18.238.28  user=root
Jul 23 20:51:30 lx1 sshd[11286]: Failed password for root from 121.18.238.125 port 42035 ssh2
Jul 23 20:51:30 lx1 sshd[11286]: Received disconnect from 121.18.238.125 port 42035:11:  [preauth]
Jul 23 20:51:30 lx1 sshd[11286]: Disconnected from 121.18.238.125 port 42035 [preauth]
Jul 23 20:51:30 lx1 sshd[11286]: PAM 2 more authentication failures; logname= uid=0 euid=0 tty=ssh ruser= rhost=121.18.238.125  user=root
Jul 23 20:51:31 lx1 sshd[11292]: Failed password for root from 59.45.175.86 port 58047 ssh2
Jul 23 20:51:33 lx1 sshd[11299]: pam_unix(sshd:auth): authentication failure; logname= uid=0 euid=0 tty=ssh ruser= rhost=121.18.238.125  user=root
Jul 23 20:51:34 lx1 sshd[11292]: Failed password for root from 59.45.175.86 port 58047 ssh2
Jul 23 20:51:35 lx1 sshd[11292]: Received disconnect from 59.45.175.86 port 58047:11:  [preauth]
Jul 23 20:51:35 lx1 sshd[11292]: Disconnected from 59.45.175.86 port 58047 [preauth]
Jul 23 20:51:35 lx1 sshd[11292]: PAM 2 more authentication failures; logname= uid=0 euid=0 tty=ssh ruser= rhost=59.45.175.86  user=root
Jul 23 20:51:35 lx1 sshd[11301]: pam_unix(sshd:auth): authentication failure; logname= uid=0 euid=0 tty=ssh ruser= rhost=121.18.238.28  user=root
Jul 23 20:51:36 lx1 sshd[11299]: Failed password for root from 121.18.238.125 port 58710 ssh2
Jul 23 20:51:37 lx1 sshd[11301]: Failed password for root from 121.18.238.28 port 35757 ssh2
Jul 23 20:51:37 lx1 sshd[11308]: pam_unix(sshd:auth): authentication failure; logname= uid=0 euid=0 tty=ssh ruser= rhost=59.45.175.86  user=root
Jul 23 20:51:38 lx1 sshd[11299]: Failed password for root from 121.18.238.125 port 58710 ssh2
Jul 23 20:51:39 lx1 sshd[11308]: Failed password for root from 59.45.175.86 port 45799 ssh2
Jul 23 20:51:39 lx1 sshd[11301]: Failed password for root from 121.18.238.28 port 35757 ssh2
Jul 23 20:51:40 lx1 sshd[11299]: Failed password for root from 121.18.238.125 port 58710 ssh2
Jul 23 20:51:40 lx1 sshd[11299]: Received disconnect from 121.18.238.125 port 58710:11:  [preauth]
Jul 23 20:51:40 lx1 sshd[11299]: Disconnected from 121.18.238.125 port 58710 [preauth]
Jul 23 20:51:40 lx1 sshd[11299]: PAM 2 more authentication failures; logname= uid=0 euid=0 tty=ssh ruser= rhost=121.18.238.125  user=root
Jul 23 20:51:41 lx1 sshd[11308]: Failed password for root from 59.45.175.86 port 45799 ssh2
Jul 23 20:51:41 lx1 sshd[11301]: Failed password for root from 121.18.238.28 port 35757 ssh2
Jul 23 20:51:41 lx1 sshd[11301]: Received disconnect from 121.18.238.28 port 35757:11:  [preauth]
Jul 23 20:51:41 lx1 sshd[11301]: Disconnected from 121.18.238.28 port 35757 [preauth]
Jul 23 20:51:41 lx1 sshd[11301]: PAM 2 more authentication failures; logname= uid=0 euid=0 tty=ssh ruser= rhost=121.18.238.28  user=root
Jul 23 20:51:43 lx1 sshd[11319]: pam_unix(sshd:auth): authentication failure; logname= uid=0 euid=0 tty=ssh ruser= rhost=121.18.238.125  user=root
Jul 23 20:51:43 lx1 sshd[11308]: Failed password for root from 59.45.175.86 port 45799 ssh2
Jul 23 20:51:43 lx1 sshd[11308]: Received disconnect from 59.45.175.86 port 45799:11:  [preauth]
Jul 23 20:51:43 lx1 sshd[11308]: Disconnected from 59.45.175.86 port 45799 [preauth]
Jul 23 20:51:43 lx1 sshd[11308]: PAM 2 more authentication failures; logname= uid=0 euid=0 tty=ssh ruser= rhost=59.45.175.86  user=root
Jul 23 20:51:45 lx1 sshd[11319]: Failed password for root from 121.18.238.125 port 45826 ssh2
Jul 23 20:51:45 lx1 sshd[11321]: pam_unix(sshd:auth): authentication failure; logname= uid=0 euid=0 tty=ssh ruser= rhost=121.18.238.28  user=root
Jul 23 20:51:46 lx1 sshd[11323]: pam_unix(sshd:auth): authentication failure; logname= uid=0 euid=0 tty=ssh ruser= rhost=59.45.175.86  user=root
Jul 23 20:51:47 lx1 sshd[11319]: Failed password for root from 121.18.238.125 port 45826 ssh2
Jul 23 20:51:47 lx1 sshd[11321]: Failed password for root from 121.18.238.28 port 55654 ssh2
Jul 23 20:51:47 lx1 sshd[11323]: Failed password for root from 59.45.175.86 port 51072 ssh2
Jul 23 20:51:49 lx1 sshd[11319]: Failed password for root from 121.18.238.125 port 45826 ssh2
Jul 23 20:51:49 lx1 sshd[11321]: Failed password for root from 121.18.238.28 port 55654 ssh2
Jul 23 20:51:50 lx1 sshd[11319]: Received disconnect from 121.18.238.125 port 45826:11:  [preauth]
Jul 23 20:51:50 lx1 sshd[11319]: Disconnected from 121.18.238.125 port 45826 [preauth]
Jul 23 20:51:50 lx1 sshd[11319]: PAM 2 more authentication failures; logname= uid=0 euid=0 tty=ssh ruser= rhost=121.18.238.125  user=root
Jul 23 20:51:50 lx1 sshd[11323]: Failed password for root from 59.45.175.86 port 51072 ssh2
Jul 23 20:51:52 lx1 sshd[11325]: pam_unix(sshd:auth): authentication failure; logname= uid=0 euid=0 tty=ssh ruser= rhost=121.18.238.125  user=root
Jul 23 20:51:52 lx1 sshd[11323]: Failed password for root from 59.45.175.86 port 51072 ssh2
Jul 23 20:51:52 lx1 sshd[11321]: Failed password for root from 121.18.238.28 port 55654 ssh2
Jul 23 20:51:52 lx1 sshd[11323]: Received disconnect from 59.45.175.86 port 51072:11:  [preauth]
Jul 23 20:51:52 lx1 sshd[11323]: Disconnected from 59.45.175.86 port 51072 [preauth]
Jul 23 20:51:52 lx1 sshd[11323]: PAM 2 more authentication failures; logname= uid=0 euid=0 tty=ssh ruser= rhost=59.45.175.86  user=root
Jul 23 20:51:52 lx1 sshd[11321]: Received disconnect from 121.18.238.28 port 55654:11:  [preauth]
Jul 23 20:51:52 lx1 sshd[11321]: Disconnected from 121.18.238.28 port 55654 [preauth]
Jul 23 20:51:52 lx1 sshd[11321]: PAM 2 more authentication failures; logname= uid=0 euid=0 tty=ssh ruser= rhost=121.18.238.28  user=root
Jul 23 20:51:54 lx1 sshd[11325]: Failed password for root from 121.18.238.125 port 52259 ssh2
Jul 23 20:51:54 lx1 sshd[11327]: pam_unix(sshd:auth): authentication failure; logname= uid=0 euid=0 tty=ssh ruser= rhost=59.45.175.86  user=root
Jul 23 20:51:55 lx1 sshd[11329]: pam_unix(sshd:auth): authentication failure; logname= uid=0 euid=0 tty=ssh ruser= rhost=121.18.238.28  user=root
Jul 23 20:51:57 lx1 sshd[11325]: Failed password for root from 121.18.238.125 port 52259 ssh2
Jul 23 20:51:57 lx1 sshd[11327]: Failed password for root from 59.45.175.86 port 54150 ssh2
Jul 23 20:51:57 lx1 sshd[11329]: Failed password for root from 121.18.238.28 port 43022 ssh2
Jul 23 20:51:59 lx1 sshd[11325]: Failed password for root from 121.18.238.125 port 52259 ssh2
Jul 23 20:51:59 lx1 sshd[11327]: Failed password for root from 59.45.175.86 port 54150 ssh2
Jul 23 20:51:59 lx1 sshd[11329]: Failed password for root from 121.18.238.28 port 43022 ssh2
Jul 23 20:51:59 lx1 sshd[11325]: Received disconnect from 121.18.238.125 port 52259:11:  [preauth]
Jul 23 20:51:59 lx1 sshd[11325]: Disconnected from 121.18.238.125 port 52259 [preauth]
Jul 23 20:51:59 lx1 sshd[11325]: PAM 2 more authentication failures; logname= uid=0 euid=0 tty=ssh ruser= rhost=121.18.238.125  user=root
Jul 23 20:52:01 lx1 sshd[11329]: Failed password for root from 121.18.238.28 port 43022 ssh2
Jul 23 20:52:01 lx1 sshd[11327]: Failed password for root from 59.45.175.86 port 54150 ssh2
Jul 23 20:52:02 lx1 sshd[11329]: Received disconnect from 121.18.238.28 port 43022:11:  [preauth]
Jul 23 20:52:02 lx1 sshd[11329]: Disconnected from 121.18.238.28 port 43022 [preauth]
Jul 23 20:52:02 lx1 sshd[11329]: PAM 2 more authentication failures; logname= uid=0 euid=0 tty=ssh ruser= rhost=121.18.238.28  user=root
Jul 23 20:52:02 lx1 sshd[11327]: Received disconnect from 59.45.175.86 port 54150:11:  [preauth]
Jul 23 20:52:02 lx1 sshd[11327]: Disconnected from 59.45.175.86 port 54150 [preauth]
Jul 23 20:52:02 lx1 sshd[11327]: PAM 2 more authentication failures; logname= uid=0 euid=0 tty=ssh ruser= rhost=59.45.175.86  user=root
Jul 23 20:52:03 lx1 sshd[11331]: pam_unix(sshd:auth): authentication failure; logname= uid=0 euid=0 tty=ssh ruser= rhost=121.18.238.125  user=root
Jul 23 20:52:03 lx1 sshd[11333]: pam_unix(sshd:auth): authentication failure; logname= uid=0 euid=0 tty=ssh ruser= rhost=59.45.175.86  user=root
Jul 23 20:52:05 lx1 sshd[11331]: Failed password for root from 121.18.238.125 port 56907 ssh2
Jul 23 20:52:05 lx1 sshd[11335]: pam_unix(sshd:auth): authentication failure; logname= uid=0 euid=0 tty=ssh ruser= rhost=121.18.238.28  user=root
Jul 23 20:52:06 lx1 sshd[11333]: Failed password for root from 59.45.175.86 port 34745 ssh2
Jul 23 20:52:07 lx1 sshd[11331]: Failed password for root from 121.18.238.125 port 56907 ssh2
Jul 23 20:52:07 lx1 sshd[11335]: Failed password for root from 121.18.238.28 port 49621 ssh2
Jul 23 20:52:08 lx1 sshd[11333]: Failed password for root from 59.45.175.86 port 34745 ssh2
Jul 23 20:52:10 lx1 sshd[11331]: Failed password for root from 121.18.238.125 port 56907 ssh2
Jul 23 20:52:10 lx1 sshd[11331]: Received disconnect from 121.18.238.125 port 56907:11:  [preauth]
Jul 23 20:52:10 lx1 sshd[11331]: Disconnected from 121.18.238.125 port 56907 [preauth]
Jul 23 20:52:10 lx1 sshd[11331]: PAM 2 more authentication failures; logname= uid=0 euid=0 tty=ssh ruser= rhost=121.18.238.125  user=root
Jul 23 20:52:11 lx1 sshd[11333]: Failed password for root from 59.45.175.86 port 34745 ssh2
Jul 23 20:52:11 lx1 sshd[11335]: Failed password for root from 121.18.238.28 port 49621 ssh2
Jul 23 20:52:11 lx1 sshd[11333]: Received disconnect from 59.45.175.86 port 34745:11:  [preauth]
Jul 23 20:52:11 lx1 sshd[11333]: Disconnected from 59.45.175.86 port 34745 [preauth]
Jul 23 20:52:11 lx1 sshd[11333]: PAM 2 more authentication failures; logname= uid=0 euid=0 tty=ssh ruser= rhost=59.45.175.86  user=root
Jul 23 20:52:12 lx1 sshd[11337]: Invalid user user from 116.54.192.133
Jul 23 20:52:12 lx1 sshd[11337]: input_userauth_request: invalid user user [preauth]
Jul 23 20:52:12 lx1 sshd[11337]: pam_unix(sshd:auth): check pass; user unknown
Jul 23 20:52:12 lx1 sshd[11337]: pam_unix(sshd:auth): authentication failure; logname= uid=0 euid=0 tty=ssh ruser= rhost=116.54.192.133
Jul 23 20:52:13 lx1 sshd[11338]: pam_unix(sshd:auth): authentication failure; logname= uid=0 euid=0 tty=ssh ruser= rhost=59.45.175.86  user=root
Jul 23 20:52:13 lx1 sshd[11335]: Failed password for root from 121.18.238.28 port 49621 ssh2
Jul 23 20:52:13 lx1 sshd[11335]: Received disconnect from 121.18.238.28 port 49621:11:  [preauth]
Jul 23 20:52:13 lx1 sshd[11335]: Disconnected from 121.18.238.28 port 49621 [preauth]
Jul 23 20:52:13 lx1 sshd[11335]: PAM 2 more authentication failures; logname= uid=0 euid=0 tty=ssh ruser= rhost=121.18.238.28  user=root
Jul 23 20:52:14 lx1 sshd[11341]: pam_unix(sshd:auth): authentication failure; logname= uid=0 euid=0 tty=ssh ruser= rhost=121.18.238.125  user=root
Jul 23 20:52:14 lx1 sshd[11337]: Failed password for invalid user user from 116.54.192.133 port 38893 ssh2
Jul 23 20:52:14 lx1 sshd[11337]: pam_unix(sshd:auth): check pass; user unknown
Jul 23 20:52:15 lx1 sshd[11338]: Failed password for root from 59.45.175.86 port 47073 ssh2
Jul 23 20:52:15 lx1 sshd[11341]: Failed password for root from 121.18.238.125 port 44213 ssh2
Jul 23 20:52:16 lx1 sshd[11337]: Failed password for invalid user user from 116.54.192.133 port 38893 ssh2
Jul 23 20:52:16 lx1 sshd[11337]: pam_unix(sshd:auth): check pass; user unknown
Jul 23 20:52:17 lx1 sshd[11338]: Failed password for root from 59.45.175.86 port 47073 ssh2
Jul 23 20:52:18 lx1 sshd[11341]: Failed password for root from 121.18.238.125 port 44213 ssh2
Jul 23 20:52:18 lx1 sshd[11343]: pam_unix(sshd:auth): authentication failure; logname= uid=0 euid=0 tty=ssh ruser= rhost=121.18.238.28  user=root
Jul 23 20:52:19 lx1 sshd[11337]: Failed password for invalid user user from 116.54.192.133 port 38893 ssh2
Jul 23 20:52:19 lx1 sshd[11337]: pam_unix(sshd:auth): check pass; user unknown
Jul 23 20:52:20 lx1 sshd[11338]: Failed password for root from 59.45.175.86 port 47073 ssh2
Jul 23 20:52:20 lx1 sshd[11343]: Failed password for root from 121.18.238.28 port 36013 ssh2
Jul 23 20:52:20 lx1 sshd[11338]: Received disconnect from 59.45.175.86 port 47073:11:  [preauth]
Jul 23 20:52:20 lx1 sshd[11338]: Disconnected from 59.45.175.86 port 47073 [preauth]
Jul 23 20:52:20 lx1 sshd[11338]: PAM 2 more authentication failures; logname= uid=0 euid=0 tty=ssh ruser= rhost=59.45.175.86  user=root
Jul 23 20:52:21 lx1 sshd[11341]: Failed password for root from 121.18.238.125 port 44213 ssh2
Jul 23 20:52:21 lx1 sshd[11341]: Received disconnect from 121.18.238.125 port 44213:11:  [preauth]
Jul 23 20:52:21 lx1 sshd[11341]: Disconnected from 121.18.238.125 port 44213 [preauth]
Jul 23 20:52:21 lx1 sshd[11341]: PAM 2 more authentication failures; logname= uid=0 euid=0 tty=ssh ruser= rhost=121.18.238.125  user=root
Jul 23 20:52:21 lx1 sshd[11337]: Failed password for invalid user user from 116.54.192.133 port 38893 ssh2
Jul 23 20:52:22 lx1 sshd[11337]: pam_unix(sshd:auth): check pass; user unknown
Jul 23 20:52:23 lx1 sshd[11343]: Failed password for root from 121.18.238.28 port 36013 ssh2
Jul 23 20:52:23 lx1 sshd[11345]: pam_unix(sshd:auth): authentication failure; logname= uid=0 euid=0 tty=ssh ruser= rhost=59.45.175.86  user=root
Jul 23 20:52:24 lx1 sshd[11337]: Failed password for invalid user user from 116.54.192.133 port 38893 ssh2
Jul 23 20:52:25 lx1 sshd[11337]: pam_unix(sshd:auth): check pass; user unknown
Jul 23 20:52:25 lx1 sshd[11343]: Failed password for root from 121.18.238.28 port 36013 ssh2
Jul 23 20:52:25 lx1 sshd[11347]: pam_unix(sshd:auth): authentication failure; logname= uid=0 euid=0 tty=ssh ruser= rhost=121.18.238.125  user=root
Jul 23 20:52:25 lx1 sshd[11345]: Failed password for root from 59.45.175.86 port 59584 ssh2
Jul 23 20:52:25 lx1 sshd[11343]: Received disconnect from 121.18.238.28 port 36013:11:  [preauth]
Jul 23 20:52:25 lx1 sshd[11343]: Disconnected from 121.18.238.28 port 36013 [preauth]
Jul 23 20:52:25 lx1 sshd[11343]: PAM 2 more authentication failures; logname= uid=0 euid=0 tty=ssh ruser= rhost=121.18.238.28  user=root
Jul 23 20:52:26 lx1 sshd[11337]: Failed password for invalid user user from 116.54.192.133 port 38893 ssh2
Jul 23 20:52:26 lx1 sshd[11337]: error: maximum authentication attempts exceeded for invalid user user from 116.54.192.133 port 38893 ssh2 [preauth]
Jul 23 20:52:26 lx1 sshd[11337]: Disconnecting: Too many authentication failures [preauth]
Jul 23 20:52:26 lx1 sshd[11337]: PAM 5 more authentication failures; logname= uid=0 euid=0 tty=ssh ruser= rhost=116.54.192.133
Jul 23 20:52:26 lx1 sshd[11337]: PAM service(sshd) ignoring max retries; 6 > 3
Jul 23 20:52:26 lx1 sshd[11347]: Failed password for root from 121.18.238.125 port 59078 ssh2
Jul 23 20:52:27 lx1 sshd[11345]: Failed password for root from 59.45.175.86 port 59584 ssh2
Jul 23 20:52:28 lx1 sshd[11347]: Failed password for root from 121.18.238.125 port 59078 ssh2
Jul 23 20:52:30 lx1 sshd[11345]: Failed password for root from 59.45.175.86 port 59584 ssh2
Jul 23 20:52:30 lx1 sshd[11347]: Failed password for root from 121.18.238.125 port 59078 ssh2
Jul 23 20:52:30 lx1 sshd[11345]: Received disconnect from 59.45.175.86 port 59584:11:  [preauth]
Jul 23 20:52:30 lx1 sshd[11345]: Disconnected from 59.45.175.86 port 59584 [preauth]
Jul 23 20:52:30 lx1 sshd[11345]: PAM 2 more authentication failures; logname= uid=0 euid=0 tty=ssh ruser= rhost=59.45.175.86  user=root
Jul 23 20:52:30 lx1 sshd[11347]: Received disconnect from 121.18.238.125 port 59078:11:  [preauth]
Jul 23 20:52:30 lx1 sshd[11347]: Disconnected from 121.18.238.125 port 59078 [preauth]
Jul 23 20:52:30 lx1 sshd[11347]: PAM 2 more authentication failures; logname= uid=0 euid=0 tty=ssh ruser= rhost=121.18.238.125  user=root
Jul 23 20:52:33 lx1 sshd[11352]: pam_unix(sshd:auth): authentication failure; logname= uid=0 euid=0 tty=ssh ruser= rhost=121.18.238.125  user=root
Jul 23 20:52:33 lx1 sshd[11351]: pam_unix(sshd:auth): authentication failure; logname= uid=0 euid=0 tty=ssh ruser= rhost=59.45.175.86  user=root
Jul 23 20:52:35 lx1 sshd[11352]: Failed password for root from 121.18.238.125 port 42722 ssh2
Jul 23 20:52:35 lx1 sshd[11351]: Failed password for root from 59.45.175.86 port 47477 ssh2
Jul 23 20:52:37 lx1 sshd[11352]: Failed password for root from 121.18.238.125 port 42722 ssh2
Jul 23 20:52:37 lx1 sshd[11351]: Failed password for root from 59.45.175.86 port 47477 ssh2
Jul 23 20:52:40 lx1 sshd[11352]: Failed password for root from 121.18.238.125 port 42722 ssh2
Jul 23 20:52:40 lx1 sshd[11351]: Failed password for root from 59.45.175.86 port 47477 ssh2
Jul 23 20:52:40 lx1 sshd[11351]: Received disconnect from 59.45.175.86 port 47477:11:  [preauth]
Jul 23 20:52:40 lx1 sshd[11351]: Disconnected from 59.45.175.86 port 47477 [preauth]
Jul 23 20:52:40 lx1 sshd[11351]: PAM 2 more authentication failures; logname= uid=0 euid=0 tty=ssh ruser= rhost=59.45.175.86  user=root
Jul 23 20:52:41 lx1 sshd[11352]: Received disconnect from 121.18.238.125 port 42722:11:  [preauth]
Jul 23 20:52:41 lx1 sshd[11352]: Disconnected from 121.18.238.125 port 42722 [preauth]
Jul 23 20:52:41 lx1 sshd[11352]: PAM 2 more authentication failures; logname= uid=0 euid=0 tty=ssh ruser= rhost=121.18.238.125  user=root
Jul 23 20:52:42 lx1 sshd[11357]: Connection closed by 121.18.238.125 port 53191 [preauth]
Jul 23 20:52:43 lx1 sshd[11355]: pam_unix(sshd:auth): authentication failure; logname= uid=0 euid=0 tty=ssh ruser= rhost=59.45.175.86  user=root
Jul 23 20:52:45 lx1 sshd[11355]: Failed password for root from 59.45.175.86 port 57667 ssh2
Jul 23 20:52:49 lx1 sshd[11355]: message repeated 2 times: [ Failed password for root from 59.45.175.86 port 57667 ssh2]
Jul 23 20:52:49 lx1 sshd[11355]: Received disconnect from 59.45.175.86 port 57667:11:  [preauth]
Jul 23 20:52:49 lx1 sshd[11355]: Disconnected from 59.45.175.86 port 57667 [preauth]
Jul 23 20:52:49 lx1 sshd[11355]: PAM 2 more authentication failures; logname= uid=0 euid=0 tty=ssh ruser= rhost=59.45.175.86  user=root
Jul 23 20:52:52 lx1 sshd[11359]: pam_unix(sshd:auth): authentication failure; logname= uid=0 euid=0 tty=ssh ruser= rhost=59.45.175.86  user=root
Jul 23 20:52:54 lx1 sshd[11359]: Failed password for root from 59.45.175.86 port 37501 ssh2
Jul 23 20:52:54 lx1 sshd[11361]: pam_unix(sshd:auth): authentication failure; logname= uid=0 euid=0 tty=ssh ruser= rhost=121.18.238.125  user=root
Jul 23 20:52:56 lx1 sshd[11361]: Failed password for root from 121.18.238.125 port 37019 ssh2
Jul 23 20:52:56 lx1 sshd[11359]: Failed password for root from 59.45.175.86 port 37501 ssh2
Jul 23 20:52:58 lx1 sshd[11361]: Failed password for root from 121.18.238.125 port 37019 ssh2
Jul 23 20:52:58 lx1 sshd[11359]: Failed password for root from 59.45.175.86 port 37501 ssh2
Jul 23 20:52:59 lx1 sshd[11359]: Received disconnect from 59.45.175.86 port 37501:11:  [preauth]
Jul 23 20:52:59 lx1 sshd[11359]: Disconnected from 59.45.175.86 port 37501 [preauth]
Jul 23 20:52:59 lx1 sshd[11359]: PAM 2 more authentication failures; logname= uid=0 euid=0 tty=ssh ruser= rhost=59.45.175.86  user=root
Jul 23 20:53:01 lx1 sshd[11361]: Failed password for root from 121.18.238.125 port 37019 ssh2
Jul 23 20:53:01 lx1 sshd[11361]: Received disconnect from 121.18.238.125 port 37019:11:  [preauth]
Jul 23 20:53:01 lx1 sshd[11361]: Disconnected from 121.18.238.125 port 37019 [preauth]
Jul 23 20:53:01 lx1 sshd[11361]: PAM 2 more authentication failures; logname= uid=0 euid=0 tty=ssh ruser= rhost=121.18.238.125  user=root
Jul 23 20:53:01 lx1 sshd[11363]: pam_unix(sshd:auth): authentication failure; logname= uid=0 euid=0 tty=ssh ruser= rhost=59.45.175.86  user=root
Jul 23 20:53:03 lx1 sshd[11363]: Failed password for root from 59.45.175.86 port 49835 ssh2
Jul 23 20:53:05 lx1 sshd[11363]: Failed password for root from 59.45.175.86 port 49835 ssh2
Jul 23 20:53:07 lx1 sshd[11365]: pam_unix(sshd:auth): authentication failure; logname= uid=0 euid=0 tty=ssh ruser= rhost=121.18.238.125  user=root
Jul 23 20:53:08 lx1 sshd[11363]: Failed password for root from 59.45.175.86 port 49835 ssh2
Jul 23 20:53:08 lx1 sshd[11363]: Received disconnect from 59.45.175.86 port 49835:11:  [preauth]
Jul 23 20:53:08 lx1 sshd[11363]: Disconnected from 59.45.175.86 port 49835 [preauth]
Jul 23 20:53:08 lx1 sshd[11363]: PAM 2 more authentication failures; logname= uid=0 euid=0 tty=ssh ruser= rhost=59.45.175.86  user=root
Jul 23 20:53:09 lx1 sshd[11365]: Failed password for root from 121.18.238.125 port 47726 ssh2
Jul 23 20:53:11 lx1 sshd[11369]: pam_unix(sshd:auth): authentication failure; logname= uid=0 euid=0 tty=ssh ruser= rhost=59.45.175.86  user=root
Jul 23 20:53:11 lx1 sshd[11365]: Failed password for root from 121.18.238.125 port 47726 ssh2
Jul 23 20:53:13 lx1 sshd[11369]: Failed password for root from 59.45.175.86 port 58621 ssh2
Jul 23 20:53:14 lx1 sshd[11365]: Failed password for root from 121.18.238.125 port 47726 ssh2
Jul 23 20:53:14 lx1 sshd[11365]: Received disconnect from 121.18.238.125 port 47726:11:  [preauth]
Jul 23 20:53:14 lx1 sshd[11365]: Disconnected from 121.18.238.125 port 47726 [preauth]
Jul 23 20:53:14 lx1 sshd[11365]: PAM 2 more authentication failures; logname= uid=0 euid=0 tty=ssh ruser= rhost=121.18.238.125  user=root
Jul 23 20:53:15 lx1 sshd[11369]: Failed password for root from 59.45.175.86 port 58621 ssh2
Jul 23 20:53:17 lx1 sshd[11369]: Failed password for root from 59.45.175.86 port 58621 ssh2
Jul 23 20:53:17 lx1 sshd[11369]: Received disconnect from 59.45.175.86 port 58621:11:  [preauth]
Jul 23 20:53:17 lx1 sshd[11369]: Disconnected from 59.45.175.86 port 58621 [preauth]
Jul 23 20:53:17 lx1 sshd[11369]: PAM 2 more authentication failures; logname= uid=0 euid=0 tty=ssh ruser= rhost=59.45.175.86  user=root
Jul 23 20:53:17 lx1 sshd[11371]: pam_unix(sshd:auth): authentication failure; logname= uid=0 euid=0 tty=ssh ruser= rhost=121.18.238.125  user=root
Jul 23 20:53:19 lx1 sshd[11371]: Failed password for root from 121.18.238.125 port 44303 ssh2
Jul 23 20:53:20 lx1 sshd[11373]: pam_unix(sshd:auth): authentication failure; logname= uid=0 euid=0 tty=ssh ruser= rhost=59.45.175.86  user=root
Jul 23 20:53:21 lx1 sshd[11371]: Failed password for root from 121.18.238.125 port 44303 ssh2
Jul 23 20:53:22 lx1 sshd[11373]: Failed password for root from 59.45.175.86 port 41315 ssh2
Jul 23 20:53:23 lx1 sshd[11371]: Failed password for root from 121.18.238.125 port 44303 ssh2
Jul 23 20:53:24 lx1 sshd[11373]: Failed password for root from 59.45.175.86 port 41315 ssh2
Jul 23 20:53:24 lx1 sshd[11371]: Received disconnect from 121.18.238.125 port 44303:11:  [preauth]
Jul 23 20:53:24 lx1 sshd[11371]: Disconnected from 121.18.238.125 port 44303 [preauth]
Jul 23 20:53:24 lx1 sshd[11371]: PAM 2 more authentication failures; logname= uid=0 euid=0 tty=ssh ruser= rhost=121.18.238.125  user=root
Jul 23 20:53:26 lx1 sshd[11373]: Failed password for root from 59.45.175.86 port 41315 ssh2
Jul 23 20:53:26 lx1 sshd[11373]: Received disconnect from 59.45.175.86 port 41315:11:  [preauth]
Jul 23 20:53:26 lx1 sshd[11373]: Disconnected from 59.45.175.86 port 41315 [preauth]
Jul 23 20:53:26 lx1 sshd[11373]: PAM 2 more authentication failures; logname= uid=0 euid=0 tty=ssh ruser= rhost=59.45.175.86  user=root
Jul 23 20:53:30 lx1 sshd[11385]: pam_unix(sshd:auth): authentication failure; logname= uid=0 euid=0 tty=ssh ruser= rhost=59.45.175.86  user=root
Jul 23 20:53:31 lx1 sshd[11385]: Failed password for root from 59.45.175.86 port 48482 ssh2
Jul 23 20:53:31 lx1 sshd[11378]: pam_unix(sshd:auth): authentication failure; logname= uid=0 euid=0 tty=ssh ruser= rhost=121.18.238.125  user=root
Jul 23 20:53:34 lx1 sshd[11378]: Failed password for root from 121.18.238.125 port 57384 ssh2
Jul 23 20:53:34 lx1 sshd[11385]: Failed password for root from 59.45.175.86 port 48482 ssh2
Jul 23 20:53:35 lx1 sshd[11378]: Failed password for root from 121.18.238.125 port 57384 ssh2
Jul 23 20:53:35 lx1 sshd[11385]: Failed password for root from 59.45.175.86 port 48482 ssh2
Jul 23 20:53:36 lx1 sshd[11385]: Received disconnect from 59.45.175.86 port 48482:11:  [preauth]
Jul 23 20:53:36 lx1 sshd[11385]: Disconnected from 59.45.175.86 port 48482 [preauth]
Jul 23 20:53:36 lx1 sshd[11385]: PAM 2 more authentication failures; logname= uid=0 euid=0 tty=ssh ruser= rhost=59.45.175.86  user=root
Jul 23 20:53:37 lx1 sshd[11378]: Failed password for root from 121.18.238.125 port 57384 ssh2
Jul 23 20:53:37 lx1 sshd[11378]: Received disconnect from 121.18.238.125 port 57384:11:  [preauth]
Jul 23 20:53:37 lx1 sshd[11378]: Disconnected from 121.18.238.125 port 57384 [preauth]
Jul 23 20:53:37 lx1 sshd[11378]: PAM 2 more authentication failures; logname= uid=0 euid=0 tty=ssh ruser= rhost=121.18.238.125  user=root
Jul 23 20:53:38 lx1 sshd[11389]: pam_unix(sshd:auth): authentication failure; logname= uid=0 euid=0 tty=ssh ruser= rhost=59.45.175.86  user=root
Jul 23 20:53:40 lx1 sshd[11389]: Failed password for root from 59.45.175.86 port 57699 ssh2
Jul 23 20:53:42 lx1 sshd[11389]: Failed password for root from 59.45.175.86 port 57699 ssh2
Jul 23 20:53:43 lx1 sshd[11391]: pam_unix(sshd:auth): authentication failure; logname= uid=0 euid=0 tty=ssh ruser= rhost=121.18.238.125  user=root
Jul 23 20:53:45 lx1 sshd[11391]: Failed password for root from 121.18.238.125 port 52366 ssh2
Jul 23 20:53:45 lx1 sshd[11389]: Failed password for root from 59.45.175.86 port 57699 ssh2
Jul 23 20:53:45 lx1 sshd[11389]: Received disconnect from 59.45.175.86 port 57699:11:  [preauth]
Jul 23 20:53:45 lx1 sshd[11389]: Disconnected from 59.45.175.86 port 57699 [preauth]
Jul 23 20:53:45 lx1 sshd[11389]: PAM 2 more authentication failures; logname= uid=0 euid=0 tty=ssh ruser= rhost=59.45.175.86  user=root
Jul 23 20:53:48 lx1 sshd[11391]: Failed password for root from 121.18.238.125 port 52366 ssh2
Jul 23 20:53:49 lx1 sshd[11393]: pam_unix(sshd:auth): authentication failure; logname= uid=0 euid=0 tty=ssh ruser= rhost=59.45.175.86  user=root
Jul 23 20:53:50 lx1 sshd[11391]: Failed password for root from 121.18.238.125 port 52366 ssh2
Jul 23 20:53:50 lx1 sshd[11391]: Received disconnect from 121.18.238.125 port 52366:11:  [preauth]
Jul 23 20:53:50 lx1 sshd[11391]: Disconnected from 121.18.238.125 port 52366 [preauth]
Jul 23 20:53:50 lx1 sshd[11391]: PAM 2 more authentication failures; logname= uid=0 euid=0 tty=ssh ruser= rhost=121.18.238.125  user=root
Jul 23 20:53:51 lx1 sshd[11393]: Failed password for root from 59.45.175.86 port 37129 ssh2
Jul 23 20:53:53 lx1 sshd[11393]: Failed password for root from 59.45.175.86 port 37129 ssh2
Jul 23 20:53:54 lx1 sshd[11395]: pam_unix(sshd:auth): authentication failure; logname= uid=0 euid=0 tty=ssh ruser= rhost=121.18.238.125  user=root
Jul 23 20:53:56 lx1 sshd[11393]: Failed password for root from 59.45.175.86 port 37129 ssh2
Jul 23 20:53:56 lx1 sshd[11395]: Failed password for root from 121.18.238.125 port 44053 ssh2
Jul 23 20:53:56 lx1 sshd[11393]: Received disconnect from 59.45.175.86 port 37129:11:  [preauth]
Jul 23 20:53:56 lx1 sshd[11393]: Disconnected from 59.45.175.86 port 37129 [preauth]
Jul 23 20:53:56 lx1 sshd[11393]: PAM 2 more authentication failures; logname= uid=0 euid=0 tty=ssh ruser= rhost=59.45.175.86  user=root
Jul 23 20:53:58 lx1 sshd[11395]: Failed password for root from 121.18.238.125 port 44053 ssh2
Jul 23 20:53:58 lx1 sshd[11398]: pam_unix(sshd:auth): authentication failure; logname= uid=0 euid=0 tty=ssh ruser= rhost=59.45.175.86  user=root
Jul 23 20:54:00 lx1 sshd[11395]: Failed password for root from 121.18.238.125 port 44053 ssh2
Jul 23 20:54:00 lx1 sshd[11398]: Failed password for root from 59.45.175.86 port 49315 ssh2
Jul 23 20:54:00 lx1 sshd[11395]: Received disconnect from 121.18.238.125 port 44053:11:  [preauth]
Jul 23 20:54:00 lx1 sshd[11395]: Disconnected from 121.18.238.125 port 44053 [preauth]
Jul 23 20:54:00 lx1 sshd[11395]: PAM 2 more authentication failures; logname= uid=0 euid=0 tty=ssh ruser= rhost=121.18.238.125  user=root
Jul 23 20:54:02 lx1 sshd[11398]: Failed password for root from 59.45.175.86 port 49315 ssh2
Jul 23 20:54:04 lx1 sshd[11402]: pam_unix(sshd:auth): authentication failure; logname= uid=0 euid=0 tty=ssh ruser= rhost=121.18.238.125  user=root
Jul 23 20:54:05 lx1 sshd[11398]: Failed password for root from 59.45.175.86 port 49315 ssh2
Jul 23 20:54:05 lx1 sshd[11398]: Received disconnect from 59.45.175.86 port 49315:11:  [preauth]
Jul 23 20:54:05 lx1 sshd[11398]: Disconnected from 59.45.175.86 port 49315 [preauth]
Jul 23 20:54:05 lx1 sshd[11398]: PAM 2 more authentication failures; logname= uid=0 euid=0 tty=ssh ruser= rhost=59.45.175.86  user=root
Jul 23 20:54:05 lx1 sshd[11402]: Failed password for root from 121.18.238.125 port 53163 ssh2
Jul 23 20:54:08 lx1 sshd[11402]: Failed password for root from 121.18.238.125 port 53163 ssh2
Jul 23 20:54:09 lx1 sshd[11405]: pam_unix(sshd:auth): authentication failure; logname= uid=0 euid=0 tty=ssh ruser= rhost=59.45.175.86  user=root
Jul 23 20:54:10 lx1 sshd[11402]: Failed password for root from 121.18.238.125 port 53163 ssh2
Jul 23 20:54:10 lx1 sshd[11402]: Received disconnect from 121.18.238.125 port 53163:11:  [preauth]
Jul 23 20:54:10 lx1 sshd[11402]: Disconnected from 121.18.238.125 port 53163 [preauth]
Jul 23 20:54:10 lx1 sshd[11402]: PAM 2 more authentication failures; logname= uid=0 euid=0 tty=ssh ruser= rhost=121.18.238.125  user=root
Jul 23 20:54:11 lx1 sshd[11405]: Failed password for root from 59.45.175.86 port 54419 ssh2
Jul 23 20:54:13 lx1 sshd[11409]: pam_unix(sshd:auth): authentication failure; logname= uid=0 euid=0 tty=ssh ruser= rhost=121.18.238.125  user=root
Jul 23 20:54:13 lx1 sshd[11405]: Failed password for root from 59.45.175.86 port 54419 ssh2
Jul 23 20:54:15 lx1 sshd[11409]: Failed password for root from 121.18.238.125 port 35352 ssh2
Jul 23 20:54:16 lx1 sshd[11405]: Failed password for root from 59.45.175.86 port 54419 ssh2
Jul 23 20:54:16 lx1 sshd[11405]: Received disconnect from 59.45.175.86 port 54419:11:  [preauth]
Jul 23 20:54:16 lx1 sshd[11405]: Disconnected from 59.45.175.86 port 54419 [preauth]
Jul 23 20:54:16 lx1 sshd[11405]: PAM 2 more authentication failures; logname= uid=0 euid=0 tty=ssh ruser= rhost=59.45.175.86  user=root
Jul 23 20:54:18 lx1 sshd[11409]: Failed password for root from 121.18.238.125 port 35352 ssh2
Jul 23 20:54:19 lx1 sshd[11412]: pam_unix(sshd:auth): authentication failure; logname= uid=0 euid=0 tty=ssh ruser= rhost=59.45.175.86  user=root
Jul 23 20:54:20 lx1 sshd[11409]: Failed password for root from 121.18.238.125 port 35352 ssh2
Jul 23 20:54:20 lx1 sshd[11412]: Failed password for root from 59.45.175.86 port 36314 ssh2
Jul 23 20:54:21 lx1 sshd[11409]: Received disconnect from 121.18.238.125 port 35352:11:  [preauth]
Jul 23 20:54:21 lx1 sshd[11409]: Disconnected from 121.18.238.125 port 35352 [preauth]
Jul 23 20:54:21 lx1 sshd[11409]: PAM 2 more authentication failures; logname= uid=0 euid=0 tty=ssh ruser= rhost=121.18.238.125  user=root
Jul 23 20:54:23 lx1 sshd[11412]: Failed password for root from 59.45.175.86 port 36314 ssh2
Jul 23 20:54:25 lx1 sshd[11412]: Failed password for root from 59.45.175.86 port 36314 ssh2
Jul 23 20:54:25 lx1 sshd[11412]: Received disconnect from 59.45.175.86 port 36314:11:  [preauth]
Jul 23 20:54:25 lx1 sshd[11412]: Disconnected from 59.45.175.86 port 36314 [preauth]
Jul 23 20:54:25 lx1 sshd[11412]: PAM 2 more authentication failures; logname= uid=0 euid=0 tty=ssh ruser= rhost=59.45.175.86  user=root
Jul 23 20:54:25 lx1 sshd[11418]: pam_unix(sshd:auth): authentication failure; logname= uid=0 euid=0 tty=ssh ruser= rhost=121.18.238.125  user=root
Jul 23 20:54:28 lx1 sshd[11418]: Failed password for root from 121.18.238.125 port 46737 ssh2
Jul 23 20:54:32 lx1 sshd[11418]: message repeated 2 times: [ Failed password for root from 121.18.238.125 port 46737 ssh2]
Jul 23 20:54:32 lx1 sshd[11418]: Received disconnect from 121.18.238.125 port 46737:11:  [preauth]
Jul 23 20:54:32 lx1 sshd[11418]: Disconnected from 121.18.238.125 port 46737 [preauth]
Jul 23 20:54:32 lx1 sshd[11418]: PAM 2 more authentication failures; logname= uid=0 euid=0 tty=ssh ruser= rhost=121.18.238.125  user=root
Jul 23 20:54:34 lx1 sshd[11420]: pam_unix(sshd:auth): authentication failure; logname= uid=0 euid=0 tty=ssh ruser= rhost=121.18.238.125  user=root
Jul 23 20:54:36 lx1 sshd[11420]: Failed password for root from 121.18.238.125 port 56418 ssh2
Jul 23 20:54:42 lx1 sshd[11420]: message repeated 2 times: [ Failed password for root from 121.18.238.125 port 56418 ssh2]
Jul 23 20:54:42 lx1 sshd[11420]: Received disconnect from 121.18.238.125 port 56418:11:  [preauth]
Jul 23 20:54:42 lx1 sshd[11420]: Disconnected from 121.18.238.125 port 56418 [preauth]
Jul 23 20:54:42 lx1 sshd[11420]: PAM 2 more authentication failures; logname= uid=0 euid=0 tty=ssh ruser= rhost=121.18.238.125  user=root
Jul 23 20:54:45 lx1 sshd[11422]: pam_unix(sshd:auth): authentication failure; logname= uid=0 euid=0 tty=ssh ruser= rhost=121.18.238.125  user=root
Jul 23 20:54:47 lx1 sshd[11422]: Failed password for root from 121.18.238.125 port 38676 ssh2
Jul 23 20:54:51 lx1 sshd[11422]: message repeated 2 times: [ Failed password for root from 121.18.238.125 port 38676 ssh2]
Jul 23 20:54:51 lx1 sshd[11422]: Received disconnect from 121.18.238.125 port 38676:11:  [preauth]
Jul 23 20:54:51 lx1 sshd[11422]: Disconnected from 121.18.238.125 port 38676 [preauth]
Jul 23 20:54:51 lx1 sshd[11422]: PAM 2 more authentication failures; logname= uid=0 euid=0 tty=ssh ruser= rhost=121.18.238.125  user=root
Jul 23 20:55:00 lx1 sshd[11424]: pam_unix(sshd:auth): authentication failure; logname= uid=0 euid=0 tty=ssh ruser= rhost=121.18.238.125  user=root
Jul 23 20:55:02 lx1 sshd[11424]: Failed password for root from 121.18.238.125 port 42078 ssh2
Jul 23 20:55:06 lx1 sshd[11424]: message repeated 2 times: [ Failed password for root from 121.18.238.125 port 42078 ssh2]
Jul 23 20:55:07 lx1 sshd[11424]: Received disconnect from 121.18.238.125 port 42078:11:  [preauth]
Jul 23 20:55:07 lx1 sshd[11424]: Disconnected from 121.18.238.125 port 42078 [preauth]
Jul 23 20:55:07 lx1 sshd[11424]: PAM 2 more authentication failures; logname= uid=0 euid=0 tty=ssh ruser= rhost=121.18.238.125  user=root
Jul 23 20:55:10 lx1 sshd[11426]: pam_unix(sshd:auth): authentication failure; logname= uid=0 euid=0 tty=ssh ruser= rhost=121.18.238.125  user=root
Jul 23 20:55:12 lx1 sshd[11426]: Failed password for root from 121.18.238.125 port 39010 ssh2
Jul 23 20:55:17 lx1 sshd[11426]: message repeated 2 times: [ Failed password for root from 121.18.238.125 port 39010 ssh2]
Jul 23 20:55:17 lx1 sshd[11426]: Received disconnect from 121.18.238.125 port 39010:11:  [preauth]
Jul 23 20:55:17 lx1 sshd[11426]: Disconnected from 121.18.238.125 port 39010 [preauth]
Jul 23 20:55:17 lx1 sshd[11426]: PAM 2 more authentication failures; logname= uid=0 euid=0 tty=ssh ruser= rhost=121.18.238.125  user=root
Jul 23 20:55:29 lx1 sshd[11428]: pam_unix(sshd:auth): authentication failure; logname= uid=0 euid=0 tty=ssh ruser= rhost=121.18.238.125  user=root
Jul 23 20:55:30 lx1 sshd[11428]: Failed password for root from 121.18.238.125 port 45701 ssh2
Jul 23 20:55:36 lx1 sshd[11428]: message repeated 2 times: [ Failed password for root from 121.18.238.125 port 45701 ssh2]
Jul 23 20:55:37 lx1 sshd[11428]: Received disconnect from 121.18.238.125 port 45701:11:  [preauth]
Jul 23 20:55:37 lx1 sshd[11428]: Disconnected from 121.18.238.125 port 45701 [preauth]
Jul 23 20:55:37 lx1 sshd[11428]: PAM 2 more authentication failures; logname= uid=0 euid=0 tty=ssh ruser= rhost=121.18.238.125  user=root
Jul 23 20:55:42 lx1 sshd[11437]: pam_unix(sshd:auth): authentication failure; logname= uid=0 euid=0 tty=ssh ruser= rhost=121.18.238.125  user=root
Jul 23 20:55:45 lx1 sshd[11437]: Failed password for root from 121.18.238.125 port 32780 ssh2
Jul 23 20:55:50 lx1 sshd[11437]: message repeated 2 times: [ Failed password for root from 121.18.238.125 port 32780 ssh2]
Jul 23 20:55:50 lx1 sshd[11437]: Received disconnect from 121.18.238.125 port 32780:11:  [preauth]
Jul 23 20:55:50 lx1 sshd[11437]: Disconnected from 121.18.238.125 port 32780 [preauth]
Jul 23 20:55:50 lx1 sshd[11437]: PAM 2 more authentication failures; logname= uid=0 euid=0 tty=ssh ruser= rhost=121.18.238.125  user=root
Jul 23 20:55:54 lx1 sshd[11440]: pam_unix(sshd:auth): authentication failure; logname= uid=0 euid=0 tty=ssh ruser= rhost=121.18.238.125  user=root
Jul 23 20:55:56 lx1 sshd[11440]: Failed password for root from 121.18.238.125 port 54388 ssh2
